<html>
<body>
<pre>
<h1>µVision Build Log</h1>
<h2>Tool Versions:</h2>
IDE-Version: ¦ÌVision V5.25.3.0
Copyright (C) 2018 ARM Ltd and ARM Germany GmbH. All rights reserved.
License Information: 1 1, 1, LIC=9WS63-AFIDN-DK8BN-YVZ00-I2FW0-8VLN1
 
Tool Versions:
Toolchain:       MDK-ARM Plus  Version: 5.18
Toolchain Path:  D:\keil5\ARM\ARMCC\Bin
C Compiler:      Armcc.exe V5.06 update 1 (build 61)
Assembler:       Armasm.exe V5.06 update 1 (build 61)
Linker/Locator:  ArmLink.exe V5.06 update 1 (build 61)
Library Manager: ArmAr.exe V5.06 update 1 (build 61)
Hex Converter:   FromElf.exe V5.06 update 1 (build 61)
CPU DLL:         SARMCM3.DLL V5.18
Dialog DLL:      DARMSTM.DLL V1.65.0.0
Target DLL:      STLink\ST-LINKIII-KEIL_SWO.dll V2.0.18.0
Dialog DLL:      TARMSTM.DLL V1.64.0.0
 
<h2>Project:</h2>
D:\×ÀÃæ\keil×Ü2\keil×Ü1\USER\TIMER.uvprojx
Project File Date:  07/14/2020

<h2>Output:</h2>
*** Using Compiler 'V5.06 update 1 (build 61)', folder: 'D:\keil5\ARM\ARMCC\Bin'
Rebuild target 'TIMER'
compiling stm32f10x_it.c...
compiling system_stm32f10x.c...
compiling main.c...
compiling timer.c...
compiling exti.c...
compiling key.c...
compiling mpu6050.c...
compiling led.c...
compiling LM75.c...
compiling mpuiic.c...
compiling inv_mpu_dmp_motion_driver.c...
compiling inv_mpu.c...
compiling oled.c...
compiling date.c...
compiling hc05.c...
compiling myiic.c...
compiling algorithm.c...
compiling usart3.c...
compiling MAX30102.c...
compiling delay.c...
compiling new_max30102.c...
..\HARDWARE\new_max30102\new_max30102.c(60): warning:  #940-D: missing return statement at end of non-void function "reset_max30102"
  }
..\HARDWARE\new_max30102\new_max30102.c(85): warning:  #940-D: missing return statement at end of non-void function "got_data"
  }
..\HARDWARE\new_max30102\new_max30102.c: 2 warnings, 0 errors
compiling usart.c...
compiling core_cm3.c...
assembling startup_stm32f10x_hd.s...
compiling sys.c...
compiling misc.c...
compiling stm32f10x_gpio.c...
compiling stm32f10x_rcc.c...
compiling stm32f10x_tim.c...
compiling stm32f10x_usart.c...
compiling stm32f10x_exti.c...
linking...
Program Size: Code=44612 RO-data=10644 RW-data=176 ZI-data=14056  
FromELF: creating hex file...
"..\OBJ\TIMER.axf" - 0 Error(s), 2 Warning(s).

<h2>Software Packages used:</h2>

Package Vendor: Keil
                http://www.keil.com/pack/Keil.STM32F1xx_DFP.2.2.0.pack
                Keil.STM32F1xx_DFP.2.2.0
                STMicroelectronics STM32F1 Series Device Support, Drivers and Examples

<h2>Collection of Component include folders:</h2>
  .\RTE\_TIMER
  D:\keil5\ARM\PACK\Keil\STM32F1xx_DFP\2.2.0\Device\Include

<h2>Collection of Component Files used:</h2>
Build Time Elapsed:  00:00:17
</pre>
</body>
</html>
