Component: ARM Compiler 5.06 update 1 (build 61) Tool: armlink [4d35a8]

==============================================================================

Section Cross References

    main.o(.text) refers to hc05.o(.text) for HC05_Get_Role
    main.o(.text) refers to oled.o(.text) for OLED_ShowString
    main.o(.text) refers to delay.o(.text) for delay_init
    main.o(.text) refers to misc.o(.text) for NVIC_PriorityGroupConfig
    main.o(.text) refers to led.o(.text) for LED_Init
    main.o(.text) refers to key.o(.text) for KEY_Init
    main.o(.text) refers to exti.o(.text) for EXTIX_Init
    main.o(.text) refers to timer.o(.text) for TIM3_Init
    main.o(.text) refers to lm75.o(.text) for LM75_Init
    main.o(.text) refers to usart.o(.text) for uart_init
    main.o(.text) refers to mpu6050.o(.text) for MPU_Init
    main.o(.text) refers to inv_mpu.o(.text) for mpu_dmp_init
    main.o(.text) refers to new_max30102.o(.text) for reset_max30102
    main.o(.text) refers to date.o(.text) for DATE_show
    main.o(.text) refers to inv_mpu_dmp_motion_driver.o(.text) for dmp_set_pedometer_step_count
    main.o(.text) refers to dflt_clz.o(x$fpl$dfltu) for __aeabi_ui2d
    main.o(.text) refers to dmul.o(x$fpl$dmul) for __aeabi_dmul
    main.o(.text) refers to dfix.o(x$fpl$dfix) for __aeabi_d2iz
    main.o(.text) refers to usart3.o(.data) for USART3_RX_STA
    main.o(.text) refers to main.o(.data) for Mode
    main.o(.text) refers to new_max30102.o(.data) for n_heart_rate
    main.o(.text) refers to usart3.o(.text) for u3_printf
    main.o(.text) refers to stm32f10x_gpio.o(.text) for GPIO_ReadInputDataBit
    main.o(.text) refers to stm32f10x_exti.o(.text) for EXTI_ClearITPendingBit
    main.o(.text) refers to stm32f10x_tim.o(.text) for TIM_GetITStatus
    system_stm32f10x.o(.text) refers to system_stm32f10x.o(.data) for SystemCoreClock
    timer.o(.text) refers to stm32f10x_rcc.o(.text) for RCC_APB1PeriphClockCmd
    timer.o(.text) refers to stm32f10x_tim.o(.text) for TIM_TimeBaseInit
    timer.o(.text) refers to misc.o(.text) for NVIC_Init
    timer.o(.text) refers to usart3.o(.data) for USART3_RX_STA
    exti.o(.text) refers to stm32f10x_rcc.o(.text) for RCC_APB2PeriphClockCmd
    exti.o(.text) refers to stm32f10x_gpio.o(.text) for GPIO_EXTILineConfig
    exti.o(.text) refers to stm32f10x_exti.o(.text) for EXTI_Init
    exti.o(.text) refers to misc.o(.text) for NVIC_Init
    key.o(.text) refers to stm32f10x_rcc.o(.text) for RCC_APB2PeriphClockCmd
    key.o(.text) refers to stm32f10x_gpio.o(.text) for GPIO_Init
    led.o(.text) refers to stm32f10x_rcc.o(.text) for RCC_APB2PeriphClockCmd
    led.o(.text) refers to stm32f10x_gpio.o(.text) for GPIO_Init
    lm75.o(.text) refers to mpuiic.o(.text) for MPU_IIC_Init
    lm75.o(.text) refers to fflt_clz.o(x$fpl$ffltu) for __aeabi_ui2f
    lm75.o(.text) refers to f2d.o(x$fpl$f2d) for __aeabi_f2d
    lm75.o(.text) refers to dmul.o(x$fpl$dmul) for __aeabi_dmul
    lm75.o(.text) refers to dfixu.o(x$fpl$dfixu) for __aeabi_d2uiz
    mpu6050.o(.text) refers to mpuiic.o(.text) for MPU_IIC_Start
    mpu6050.o(.text) refers to stm32f10x_rcc.o(.text) for RCC_APB2PeriphClockCmd
    mpu6050.o(.text) refers to stm32f10x_gpio.o(.text) for GPIO_Init
    mpu6050.o(.text) refers to delay.o(.text) for delay_ms
    mpu6050.o(.text) refers to dflt_clz.o(x$fpl$dflt) for __aeabi_i2d
    mpu6050.o(.text) refers to ddiv.o(x$fpl$ddiv) for __aeabi_ddiv
    mpu6050.o(.text) refers to daddsub_clz.o(x$fpl$dadd) for __aeabi_dadd
    mpu6050.o(.text) refers to d2f.o(x$fpl$d2f) for __aeabi_d2f
    mpu6050.o(.text) refers to fmul.o(x$fpl$fmul) for __aeabi_fmul
    mpu6050.o(.text) refers to ffix.o(x$fpl$ffix) for __aeabi_f2iz
    mpuiic.o(.text) refers to delay.o(.text) for delay_us
    mpuiic.o(.text) refers to stm32f10x_rcc.o(.text) for RCC_APB2PeriphClockCmd
    mpuiic.o(.text) refers to stm32f10x_gpio.o(.text) for GPIO_Init
    inv_mpu.o(.text) refers to _printf_pad.o(.text) for _printf_pre_padding
    inv_mpu.o(.text) refers to _printf_percent.o(.ARM.Collect$$_printf_percent$$00000000) for _printf_percent
    inv_mpu.o(.text) refers to _printf_x.o(.ARM.Collect$$_printf_percent$$0000000C) for _printf_x
    inv_mpu.o(.text) refers to _printf_hex_int_ll_ptr.o(.text) for _printf_longlong_hex
    inv_mpu.o(.text) refers to _printf_d.o(.ARM.Collect$$_printf_percent$$00000009) for _printf_d
    inv_mpu.o(.text) refers to _printf_dec.o(.text) for _printf_int_dec
    inv_mpu.o(.text) refers to mpu6050.o(.text) for MPU_Write_Len
    inv_mpu.o(.text) refers to __2printf.o(.text) for __2printf
    inv_mpu.o(.text) refers to delay.o(.text) for delay_ms
    inv_mpu.o(.text) refers to inv_mpu.o(.data) for st
    inv_mpu.o(.text) refers to fflt_clz.o(x$fpl$ffltu) for __aeabi_ui2f
    inv_mpu.o(.text) refers to fflt_clz.o(x$fpl$fflt) for __aeabi_i2f
    inv_mpu.o(.text) refers to faddsub_clz.o(x$fpl$fsub) for __aeabi_fsub
    inv_mpu.o(.text) refers to fdiv.o(x$fpl$fdiv) for __aeabi_fdiv
[...]
    mpu_set_compass_sample_rate              0x08002215   Thumb Code     8  inv_mpu.o(.text)
    mpu_get_gyro_sens                        0x0800221d   Thumb Code    58  inv_mpu.o(.text)
    mpu_get_accel_sens                       0x08002257   Thumb Code    78  inv_mpu.o(.text)
    mpu_get_fifo_config                      0x080022a5   Thumb Code    12  inv_mpu.o(.text)
    mpu_get_power_state                      0x080022b1   Thumb Code    22  inv_mpu.o(.text)
    mpu_get_int_status                       0x080022c7   Thumb Code    64  inv_mpu.o(.text)
    mpu_read_fifo                            0x08002307   Thumb Code   520  inv_mpu.o(.text)
    mpu_read_fifo_stream                     0x0800250f   Thumb Code   186  inv_mpu.o(.text)
    mpu_set_int_level                        0x080025c9   Thumb Code    12  inv_mpu.o(.text)
    mpu_set_dmp_state                        0x08002ca9   Thumb Code   138  inv_mpu.o(.text)
    mpu_run_self_test                        0x08002d33   Thumb Code   278  inv_mpu.o(.text)
    mpu_write_mem                            0x08002e49   Thumb Code   122  inv_mpu.o(.text)
    mpu_read_mem                             0x08002ec3   Thumb Code   122  inv_mpu.o(.text)
    mpu_load_firmware                        0x08002f3d   Thumb Code   190  inv_mpu.o(.text)
    mpu_get_dmp_state                        0x08002ffb   Thumb Code    14  inv_mpu.o(.text)
    setup_compass                            0x08003009   Thumb Code     6  inv_mpu.o(.text)
    mpu_get_compass_reg                      0x0800300f   Thumb Code     8  inv_mpu.o(.text)
    mpu_get_compass_fsr                      0x08003017   Thumb Code     8  inv_mpu.o(.text)
    mpu_lp_motion_interrupt                  0x0800301f   Thumb Code   512  inv_mpu.o(.text)
    run_self_test                            0x0800321f   Thumb Code   148  inv_mpu.o(.text)
    inv_row_2_scale                          0x080032b3   Thumb Code    78  inv_mpu.o(.text)
    inv_orientation_matrix_to_scalar         0x08003301   Thumb Code    40  inv_mpu.o(.text)
    mpu_dmp_init                             0x08003329   Thumb Code   154  inv_mpu.o(.text)
    mpu_dmp_get_data                         0x080033c3   Thumb Code   554  inv_mpu.o(.text)
    dmp_load_motion_driver_firmware          0x080035f1   Thumb Code    20  inv_mpu_dmp_motion_driver.o(.text)
    dmp_set_orientation                      0x08003605   Thumb Code   290  inv_mpu_dmp_motion_driver.o(.text)
    dmp_set_gyro_bias                        0x08003727   Thumb Code   294  inv_mpu_dmp_motion_driver.o(.text)
    dmp_set_accel_bias                       0x0800384d   Thumb Code   300  inv_mpu_dmp_motion_driver.o(.text)
    dmp_set_fifo_rate                        0x08003979   Thumb Code   136  inv_mpu_dmp_motion_driver.o(.text)
    dmp_get_fifo_rate                        0x08003a01   Thumb Code    12  inv_mpu_dmp_motion_driver.o(.text)
    dmp_set_tap_thresh                       0x08003a0d   Thumb Code   396  inv_mpu_dmp_motion_driver.o(.text)
    dmp_set_tap_axes                         0x08003b99   Thumb Code    70  inv_mpu_dmp_motion_driver.o(.text)
    dmp_set_tap_count                        0x08003bdf   Thumb Code    38  inv_mpu_dmp_motion_driver.o(.text)
    dmp_set_tap_time                         0x08003c05   Thumb Code    38  inv_mpu_dmp_motion_driver.o(.text)
    dmp_set_tap_time_multi                   0x08003c2b   Thumb Code    38  inv_mpu_dmp_motion_driver.o(.text)
    dmp_set_shake_reject_thresh              0x08003c51   Thumb Code    56  inv_mpu_dmp_motion_driver.o(.text)
    dmp_set_shake_reject_time                0x08003c89   Thumb Code    38  inv_mpu_dmp_motion_driver.o(.text)
    dmp_set_shake_reject_timeout             0x08003caf   Thumb Code    38  inv_mpu_dmp_motion_driver.o(.text)
    dmp_get_pedometer_step_count             0x08003cd5   Thumb Code    66  inv_mpu_dmp_motion_driver.o(.text)
    dmp_set_pedometer_step_count             0x08003d17   Thumb Code    42  inv_mpu_dmp_motion_driver.o(.text)
    dmp_get_pedometer_walk_time              0x08003d41   Thumb Code    72  inv_mpu_dmp_motion_driver.o(.text)
    dmp_set_pedometer_walk_time              0x08003d89   Thumb Code    48  inv_mpu_dmp_motion_driver.o(.text)
    dmp_enable_6x_lp_quat                    0x08003db9   Thumb Code    84  inv_mpu_dmp_motion_driver.o(.text)
    dmp_enable_lp_quat                       0x08003e0d   Thumb Code    60  inv_mpu_dmp_motion_driver.o(.text)
    dmp_enable_gyro_cal                      0x08003e49   Thumb Code    62  inv_mpu_dmp_motion_driver.o(.text)
    dmp_enable_feature                       0x08003e87   Thumb Code   530  inv_mpu_dmp_motion_driver.o(.text)
    dmp_get_enabled_features                 0x08004099   Thumb Code    12  inv_mpu_dmp_motion_driver.o(.text)
    dmp_set_interrupt_mode                   0x08004103   Thumb Code    66  inv_mpu_dmp_motion_driver.o(.text)
    dmp_read_fifo                            0x08004145   Thumb Code   514  inv_mpu_dmp_motion_driver.o(.text)
    dmp_register_tap_cb                      0x08004347   Thumb Code    10  inv_mpu_dmp_motion_driver.o(.text)
    dmp_register_android_orient_cb           0x08004351   Thumb Code    10  inv_mpu_dmp_motion_driver.o(.text)
    OLED_WR_Byte                             0x08004361   Thumb Code    48  oled.o(.text)
    OLED_Refresh_Gram                        0x08004391   Thumb Code    70  oled.o(.text)
    OLED_Display_On                          0x080043d7   Thumb Code    28  oled.o(.text)
    OLED_Display_Off                         0x080043f3   Thumb Code    28  oled.o(.text)
    OLED_Clear                               0x0800440f   Thumb Code    42  oled.o(.text)
    OLED_DrawPoint                           0x08004439   Thumb Code   100  oled.o(.text)
    OLED_Fill                                0x0800449d   Thumb Code    58  oled.o(.text)
    OLED_ShowChar                            0x080044d7   Thumb Code   254  oled.o(.text)
    mypow                                    0x080045d5   Thumb Code    22  oled.o(.text)
    OLED_ShowNum                             0x080045eb   Thumb Code   148  oled.o(.text)
    OLED_ShowString                          0x0800467f   Thumb Code    94  oled.o(.text)
    OLED_Init                                0x080046dd   Thumb Code   382  oled.o(.text)
    DATE_cal                                 0x0800485d   Thumb Code   460  date.o(.text)
    DATE_show                                0x08004a29   Thumb Code   364  date.o(.text)
    HC05_Init                                0x08004bc1   Thumb Code   226  hc05.o(.text)
    HC05_Get_Role                            0x08004ca3   Thumb Code   126  hc05.o(.text)
    HC05_Set_Cmd                             0x08004d21   Thumb Code   130  hc05.o(.text)
    USART3_IRQHandler                        0x08004dd9   Thumb Code    94  usart3.o(.text)
    usart3_init                              0x08004e37   Thumb Code   190  usart3.o(.text)
    u3_printf                                0x08004ef5   Thumb Code    72  usart3.o(.text)
    maxim_sort_ascend                        0x08004f55   Thumb Code    54  algorithm.o(.text)
    maxim_sort_indices_descend               0x08004f8b   Thumb Code    64  algorithm.o(.text)
    maxim_remove_close_peaks                 0x08004fcb   Thumb Code   114  algorithm.o(.text)
    maxim_peaks_above_min_height             0x0800503d   Thumb Code   122  algorithm.o(.text)
    maxim_find_peaks                         0x080050b7   Thumb Code    66  algorithm.o(.text)
    maxim_heart_rate_and_oxygen_saturation   0x080050f9   Thumb Code  1270  algorithm.o(.text)
    IIC_Init                                 0x080055f9   Thumb Code    72  myiic.o(.text)
    IIC_Start                                0x08005641   Thumb Code    68  myiic.o(.text)
    IIC_Stop                                 0x08005685   Thumb Code    62  myiic.o(.text)
    IIC_Wait_Ack                             0x080056c3   Thumb Code    86  myiic.o(.text)
    IIC_Ack                                  0x08005719   Thumb Code    66  myiic.o(.text)
    IIC_NAck                                 0x0800575b   Thumb Code    66  myiic.o(.text)
    IIC_Send_Byte                            0x0800579d   Thumb Code    90  myiic.o(.text)
    IIC_Read_Byte                            0x080057f7   Thumb Code    98  myiic.o(.text)
    max30102_GPIO_Init                       0x08005869   Thumb Code    38  max30102.o(.text)
    maxim_max30102_write_reg                 0x0800588f   Thumb Code    74  max30102.o(.text)
    maxim_max30102_read_reg                  0x080058d9   Thumb Code    86  max30102.o(.text)
    maxim_max30102_init                      0x0800592f   Thumb Code   186  max30102.o(.text)
    maxim_max30102_read_fifo                 0x080059e9   Thumb Code   218  max30102.o(.text)
    maxim_max30102_reset                     0x08005ac3   Thumb Code    22  max30102.o(.text)
    reset_max30102                           0x08005add   Thumb Code   292  new_max30102.o(.text)
    got_data                                 0x08005c01   Thumb Code   482  new_max30102.o(.text)
    delay_init                               0x08005eb1   Thumb Code    50  delay.o(.text)
    delay_us                                 0x08005ee3   Thumb Code    72  delay.o(.text)
    delay_ms                                 0x08005f2b   Thumb Code    72  delay.o(.text)
    _sys_exit                                0x08005f85   Thumb Code     6  usart.o(.text)
    fputc                                    0x08005f8b   Thumb Code    24  usart.o(.text)
    uart_init                                0x08005fa3   Thumb Code   152  usart.o(.text)
    USART1_IRQHandler                        0x0800603b   Thumb Code   122  usart.o(.text)
    Reset_Handler                            0x080060c5   Thumb Code     8  startup_stm32f10x_hd.o(.text)
    ADC1_2_IRQHandler                        0x080060df   Thumb Code     0  startup_stm32f10x_hd.o(.text)
    ADC3_IRQHandler                          0x080060df   Thumb Code     0  startup_stm32f10x_hd.o(.text)
    CAN1_RX1_IRQHandler                      0x080060df   Thumb Code     0  startup_stm32f10x_hd.o(.text)
    CAN1_SCE_IRQHandler                      0x080060df   Thumb Code     0  startup_stm32f10x_hd.o(.text)
    DMA1_Channel1_IRQHandler                 0x080060df   Thumb Code     0  startup_stm32f10x_hd.o(.text)
    DMA1_Channel2_IRQHandler                 0x080060df   Thumb Code     0  startup_stm32f10x_hd.o(.text)
    DMA1_Channel3_IRQHandler                 0x080060df   Thumb Code     0  startup_stm32f10x_hd.o(.text)
    DMA1_Channel4_IRQHandler                 0x080060df   Thumb Code     0  startup_stm32f10x_hd.o(.text)
    DMA1_Channel5_IRQHandler                 0x080060df   Thumb Code     0  startup_stm32f10x_hd.o(.text)
    DMA1_Channel6_IRQHandler                 0x080060df   Thumb Code     0  startup_stm32f10x_hd.o(.text)
    DMA1_Channel7_IRQHandler                 0x080060df   Thumb Code     0  startup_stm32f10x_hd.o(.text)
    DMA2_Channel1_IRQHandler                 0x080060df   Thumb Code     0  startup_stm32f10x_hd.o(.text)
    DMA2_Channel2_IRQHandler                 0x080060df   Thumb Code     0  startup_stm32f10x_hd.o(.text)
    DMA2_Channel3_IRQHandler                 0x080060df   Thumb Code     0  startup_stm32f10x_hd.o(.text)
    DMA2_Channel4_5_IRQHandler               0x080060df   Thumb Code     0  startup_stm32f10x_hd.o(.text)
    EXTI0_IRQHandler                         0x080060df   Thumb Code     0  startup_stm32f10x_hd.o(.text)
    EXTI15_10_IRQHandler                     0x080060df   Thumb Code     0  startup_stm32f10x_hd.o(.text)
    EXTI1_IRQHandler                         0x080060df   Thumb Code     0  startup_stm32f10x_hd.o(.text)
    EXTI2_IRQHandler                         0x080060df   Thumb Code     0  startup_stm32f10x_hd.o(.text)
    EXTI3_IRQHandler                         0x080060df   Thumb Code     0  startup_stm32f10x_hd.o(.text)
    EXTI9_5_IRQHandler                       0x080060df   Thumb Code     0  startup_stm32f10x_hd.o(.text)
    FLASH_IRQHandler                         0x080060df   Thumb Code     0  startup_stm32f10x_hd.o(.text)
    FSMC_IRQHandler                          0x080060df   Thumb Code     0  startup_stm32f10x_hd.o(.text)
    I2C1_ER_IRQHandler                       0x080060df   Thumb Code     0  startup_stm32f10x_hd.o(.text)
    I2C1_EV_IRQHandler                       0x080060df   Thumb Code     0  startup_stm32f10x_hd.o(.text)
    I2C2_ER_IRQHandler                       0x080060df   Thumb Code     0  startup_stm32f10x_hd.o(.text)
    I2C2_EV_IRQHandler                       0x080060df   Thumb Code     0  startup_stm32f10x_hd.o(.text)
    PVD_IRQHandler                           0x080060df   Thumb Code     0  startup_stm32f10x_hd.o(.text)
    RCC_IRQHandler                           0x080060df   Thumb Code     0  startup_stm32f10x_hd.o(.text)
    RTCAlarm_IRQHandler                      0x080060df   Thumb Code     0  startup_stm32f10x_hd.o(.text)
    RTC_IRQHandler                           0x080060df   Thumb Code     0  startup_stm32f10x_hd.o(.text)
    SDIO_IRQHandler                          0x080060df   Thumb Code     0  startup_stm32f10x_hd.o(.text)
    SPI1_IRQHandler                          0x080060df   Thumb Code     0  startup_stm32f10x_hd.o(.text)
    SPI2_IRQHandler                          0x080060df   Thumb Code     0  startup_stm32f10x_hd.o(.text)
    SPI3_IRQHandler                          0x080060df   Thumb Code     0  startup_stm32f10x_hd.o(.text)
    TAMPER_IRQHandler                        0x080060df   Thumb Code     0  startup_stm32f10x_hd.o(.text)
    TIM1_BRK_IRQHandler                      0x080060df   Thumb Code     0  startup_stm32f10x_hd.o(.text)
    TIM1_CC_IRQHandler                       0x080060df   Thumb Code     0  startup_stm32f10x_hd.o(.text)
    TIM1_TRG_COM_IRQHandler                  0x080060df   Thumb Code     0  startup_stm32f10x_hd.o(.text)
    TIM1_UP_IRQHandler                       0x080060df   Thumb Code     0  startup_stm32f10x_hd.o(.text)
    TIM2_IRQHandler                          0x080060df   Thumb Code     0  startup_stm32f10x_hd.o(.text)
    TIM4_IRQHandler                          0x080060df   Thumb Code     0  startup_stm32f10x_hd.o(.text)
    TIM5_IRQHandler                          0x080060df   Thumb Code     0  startup_stm32f10x_hd.o(.text)
    TIM6_IRQHandler                          0x080060df   Thumb Code     0  startup_stm32f10x_hd.o(.text)
    TIM8_BRK_IRQHandler                      0x080060df   Thumb Code     0  startup_stm32f10x_hd.o(.text)
    TIM8_CC_IRQHandler                       0x080060df   Thumb Code     0  startup_stm32f10x_hd.o(.text)
    TIM8_TRG_COM_IRQHandler                  0x080060df   Thumb Code     0  startup_stm32f10x_hd.o(.text)
    TIM8_UP_IRQHandler                       0x080060df   Thumb Code     0  startup_stm32f10x_hd.o(.text)
    UART4_IRQHandler                         0x080060df   Thumb Code     0  startup_stm32f10x_hd.o(.text)
    UART5_IRQHandler                         0x080060df   Thumb Code     0  startup_stm32f10x_hd.o(.text)
    USART2_IRQHandler                        0x080060df   Thumb Code     0  startup_stm32f10x_hd.o(.text)
    USBWakeUp_IRQHandler                     0x080060df   Thumb Code     0  startup_stm32f10x_hd.o(.text)
    USB_HP_CAN1_TX_IRQHandler                0x080060df   Thumb Code     0  startup_stm32f10x_hd.o(.text)
    USB_LP_CAN1_RX0_IRQHandler               0x080060df   Thumb Code     0  startup_stm32f10x_hd.o(.text)
    WWDG_IRQHandler                          0x080060df   Thumb Code     0  startup_stm32f10x_hd.o(.text)
    __user_initial_stackheap                 0x080060e1   Thumb Code     0  startup_stm32f10x_hd.o(.text)
    NVIC_PriorityGroupConfig                 0x08006105   Thumb Code    10  misc.o(.text)
    NVIC_Init                                0x0800610f   Thumb Code   100  misc.o(.text)
    NVIC_SetVectorTable                      0x08006173   Thumb Code    14  misc.o(.text)
    NVIC_SystemLPConfig                      0x08006181   Thumb Code    34  misc.o(.text)
    SysTick_CLKSourceConfig                  0x080061a3   Thumb Code    40  misc.o(.text)
    GPIO_DeInit                              0x080061e1   Thumb Code   172  stm32f10x_gpio.o(.text)
    GPIO_AFIODeInit                          0x0800628d   Thumb Code    20  stm32f10x_gpio.o(.text)
    GPIO_Init                                0x080062a1   Thumb Code   278  stm32f10x_gpio.o(.text)
    GPIO_StructInit                          0x080063b7   Thumb Code    16  stm32f10x_gpio.o(.text)
    GPIO_ReadInputDataBit                    0x080063c7   Thumb Code    18  stm32f10x_gpio.o(.text)
    GPIO_ReadInputData                       0x080063d9   Thumb Code     8  stm32f10x_gpio.o(.text)
    GPIO_ReadOutputDataBit                   0x080063e1   Thumb Code    18  stm32f10x_gpio.o(.text)
    GPIO_ReadOutputData                      0x080063f3   Thumb Code     8  stm32f10x_gpio.o(.text)
    GPIO_SetBits                             0x080063fb   Thumb Code     4  stm32f10x_gpio.o(.text)
    GPIO_ResetBits                           0x080063ff   Thumb Code     4  stm32f10x_gpio.o(.text)
    GPIO_WriteBit                            0x08006403   Thumb Code    10  stm32f10x_gpio.o(.text)
    GPIO_Write                               0x0800640d   Thumb Code     4  stm32f10x_gpio.o(.text)
    GPIO_PinLockConfig                       0x08006411   Thumb Code    18  stm32f10x_gpio.o(.text)
    GPIO_EventOutputConfig                   0x08006423   Thumb Code    26  stm32f10x_gpio.o(.text)
    GPIO_EventOutputCmd                      0x0800643d   Thumb Code     6  stm32f10x_gpio.o(.text)
    GPIO_PinRemapConfig                      0x08006443   Thumb Code   138  stm32f10x_gpio.o(.text)
    GPIO_EXTILineConfig                      0x080064cd   Thumb Code    66  stm32f10x_gpio.o(.text)
    GPIO_ETH_MediaInterfaceConfig            0x0800650f   Thumb Code     8  stm32f10x_gpio.o(.text)
    RCC_DeInit                               0x0800653d   Thumb Code    64  stm32f10x_rcc.o(.text)
    RCC_HSEConfig                            0x0800657d   Thumb Code    70  stm32f10x_rcc.o(.text)
    RCC_GetFlagStatus                        0x080065c3   Thumb Code    56  stm32f10x_rcc.o(.text)
    RCC_WaitForHSEStartUp                    0x080065fb   Thumb Code    56  stm32f10x_rcc.o(.text)
    RCC_AdjustHSICalibrationValue            0x08006633   Thumb Code    20  stm32f10x_rcc.o(.text)
    RCC_HSICmd                               0x08006647   Thumb Code     6  stm32f10x_rcc.o(.text)
    RCC_PLLConfig                            0x0800664d   Thumb Code    24  stm32f10x_rcc.o(.text)
    RCC_PLLCmd                               0x08006665   Thumb Code     6  stm32f10x_rcc.o(.text)
    RCC_SYSCLKConfig                         0x0800666b   Thumb Code    18  stm32f10x_rcc.o(.text)
    RCC_GetSYSCLKSource                      0x0800667d   Thumb Code    10  stm32f10x_rcc.o(.text)
    RCC_HCLKConfig                           0x08006687   Thumb Code    18  stm32f10x_rcc.o(.text)
    RCC_PCLK1Config                          0x08006699   Thumb Code    18  stm32f10x_rcc.o(.text)
    RCC_PCLK2Config                          0x080066ab   Thumb Code    20  stm32f10x_rcc.o(.text)
    RCC_ITConfig                             0x080066bf   Thumb Code    26  stm32f10x_rcc.o(.text)
    RCC_USBCLKConfig                         0x080066d9   Thumb Code     8  stm32f10x_rcc.o(.text)
    RCC_ADCCLKConfig                         0x080066e1   Thumb Code    18  stm32f10x_rcc.o(.text)
    RCC_LSEConfig                            0x080066f3   Thumb Code    50  stm32f10x_rcc.o(.text)
    RCC_LSICmd                               0x08006725   Thumb Code     6  stm32f10x_rcc.o(.text)
    RCC_RTCCLKConfig                         0x0800672b   Thumb Code    12  stm32f10x_rcc.o(.text)
    RCC_RTCCLKCmd                            0x08006737   Thumb Code     8  stm32f10x_rcc.o(.text)
    RCC_GetClocksFreq                        0x0800673f   Thumb Code   192  stm32f10x_rcc.o(.text)
    RCC_AHBPeriphClockCmd                    0x080067ff   Thumb Code    26  stm32f10x_rcc.o(.text)
    RCC_APB2PeriphClockCmd                   0x08006819   Thumb Code    26  stm32f10x_rcc.o(.text)
    RCC_APB1PeriphClockCmd                   0x08006833   Thumb Code    26  stm32f10x_rcc.o(.text)
    RCC_APB2PeriphResetCmd                   0x0800684d   Thumb Code    26  stm32f10x_rcc.o(.text)
    RCC_APB1PeriphResetCmd                   0x08006867   Thumb Code    26  stm32f10x_rcc.o(.text)
    RCC_BackupResetCmd                       0x08006881   Thumb Code     8  stm32f10x_rcc.o(.text)
    RCC_ClockSecuritySystemCmd               0x08006889   Thumb Code     6  stm32f10x_rcc.o(.text)
    RCC_MCOConfig                            0x0800688f   Thumb Code     6  stm32f10x_rcc.o(.text)
    RCC_ClearFlag                            0x08006895   Thumb Code    14  stm32f10x_rcc.o(.text)
    RCC_GetITStatus                          0x080068a3   Thumb Code    20  stm32f10x_rcc.o(.text)
    RCC_ClearITPendingBit                    0x080068b7   Thumb Code     6  stm32f10x_rcc.o(.text)
    TIM_DeInit                               0x080068e1   Thumb Code   424  stm32f10x_tim.o(.text)
    TIM_TimeBaseInit                         0x08006a89   Thumb Code   122  stm32f10x_tim.o(.text)
    TIM_OC1Init                              0x08006b03   Thumb Code   132  stm32f10x_tim.o(.text)
    TIM_OC2Init                              0x08006b87   Thumb Code   154  stm32f10x_tim.o(.text)
    TIM_OC3Init                              0x08006c21   Thumb Code   150  stm32f10x_tim.o(.text)
    TIM_OC4Init                              0x08006cb7   Thumb Code   182  stm32f10x_tim.o(.text)
    TIM_SetIC4Prescaler                      0x08006d6d   Thumb Code    26  stm32f10x_tim.o(.text)
    TIM_SetIC3Prescaler                      0x08006e09   Thumb Code    18  stm32f10x_tim.o(.text)
    TIM_SetIC2Prescaler                      0x08006e95   Thumb Code    26  stm32f10x_tim.o(.text)
    TIM_SetIC1Prescaler                      0x08006f31   Thumb Code    18  stm32f10x_tim.o(.text)
    TIM_ICInit                               0x08006faf   Thumb Code   150  stm32f10x_tim.o(.text)
    TIM_PWMIConfig                           0x08007045   Thumb Code   124  stm32f10x_tim.o(.text)
    TIM_BDTRConfig                           0x080070c1   Thumb Code    32  stm32f10x_tim.o(.text)
    TIM_TimeBaseStructInit                   0x080070e1   Thumb Code    18  stm32f10x_tim.o(.text)
    TIM_OCStructInit                         0x080070f3   Thumb Code    20  stm32f10x_tim.o(.text)
    TIM_ICStructInit                         0x08007107   Thumb Code    18  stm32f10x_tim.o(.text)
    TIM_BDTRStructInit                       0x08007119   Thumb Code    40  stm32f10x_tim.o(.text)
    TIM_Cmd                                  0x08007141   Thumb Code    24  stm32f10x_tim.o(.text)
    TIM_CtrlPWMOutputs                       0x08007159   Thumb Code    30  stm32f10x_tim.o(.text)
    TIM_ITConfig                             0x08007177   Thumb Code    18  stm32f10x_tim.o(.text)
    TIM_GenerateEvent                        0x08007189   Thumb Code     4  stm32f10x_tim.o(.text)
    TIM_DMAConfig                            0x0800718d   Thumb Code    10  stm32f10x_tim.o(.text)
    TIM_DMACmd                               0x08007197   Thumb Code    18  stm32f10x_tim.o(.text)
    TIM_InternalClockConfig                  0x080071a9   Thumb Code    12  stm32f10x_tim.o(.text)
    TIM_SelectInputTrigger                   0x080071b5   Thumb Code    18  stm32f10x_tim.o(.text)
    TIM_ITRxExternalClockConfig              0x080071c7   Thumb Code    24  stm32f10x_tim.o(.text)
    TIM_TIxExternalClockConfig               0x080071df   Thumb Code    62  stm32f10x_tim.o(.text)
    TIM_ETRConfig                            0x0800721d   Thumb Code    28  stm32f10x_tim.o(.text)
    TIM_ETRClockMode1Config                  0x08007239   Thumb Code    54  stm32f10x_tim.o(.text)
    TIM_ETRClockMode2Config                  0x0800726f   Thumb Code    32  stm32f10x_tim.o(.text)
    TIM_PrescalerConfig                      0x0800728f   Thumb Code     6  stm32f10x_tim.o(.text)
    TIM_CounterModeConfig                    0x08007295   Thumb Code    18  stm32f10x_tim.o(.text)
    TIM_EncoderInterfaceConfig               0x080072a7   Thumb Code    66  stm32f10x_tim.o(.text)
    TIM_ForcedOC1Config                      0x080072e9   Thumb Code    18  stm32f10x_tim.o(.text)
    TIM_ForcedOC2Config                      0x080072fb   Thumb Code    26  stm32f10x_tim.o(.text)
    TIM_ForcedOC3Config                      0x08007315   Thumb Code    18  stm32f10x_tim.o(.text)
    TIM_ForcedOC4Config                      0x08007327   Thumb Code    26  stm32f10x_tim.o(.text)
    TIM_ARRPreloadConfig                     0x08007341   Thumb Code    24  stm32f10x_tim.o(.text)
    TIM_SelectCOM                            0x08007359   Thumb Code    24  stm32f10x_tim.o(.text)
    TIM_SelectCCDMA                          0x08007371   Thumb Code    24  stm32f10x_tim.o(.text)
    TIM_CCPreloadControl                     0x08007389   Thumb Code    24  stm32f10x_tim.o(.text)
    TIM_OC1PreloadConfig                     0x080073a1   Thumb Code    18  stm32f10x_tim.o(.text)
    TIM_OC2PreloadConfig                     0x080073b3   Thumb Code    26  stm32f10x_tim.o(.text)
    TIM_OC3PreloadConfig                     0x080073cd   Thumb Code    18  stm32f10x_tim.o(.text)
    TIM_OC4PreloadConfig                     0x080073df   Thumb Code    26  stm32f10x_tim.o(.text)
    TIM_OC1FastConfig                        0x080073f9   Thumb Code    18  stm32f10x_tim.o(.text)
    TIM_OC2FastConfig                        0x0800740b   Thumb Code    26  stm32f10x_tim.o(.text)
    TIM_OC3FastConfig                        0x08007425   Thumb Code    18  stm32f10x_tim.o(.text)
    TIM_OC4FastConfig                        0x08007437   Thumb Code    26  stm32f10x_tim.o(.text)
    TIM_ClearOC1Ref                          0x08007451   Thumb Code    18  stm32f10x_tim.o(.text)
    TIM_ClearOC2Ref                          0x08007463   Thumb Code    24  stm32f10x_tim.o(.text)
    TIM_ClearOC3Ref                          0x0800747b   Thumb Code    18  stm32f10x_tim.o(.text)
    TIM_ClearOC4Ref                          0x0800748d   Thumb Code    24  stm32f10x_tim.o(.text)
    TIM_OC1PolarityConfig                    0x080074a5   Thumb Code    18  stm32f10x_tim.o(.text)
    TIM_OC1NPolarityConfig                   0x080074b7   Thumb Code    18  stm32f10x_tim.o(.text)
    TIM_OC2PolarityConfig                    0x080074c9   Thumb Code    26  stm32f10x_tim.o(.text)
    TIM_OC2NPolarityConfig                   0x080074e3   Thumb Code    26  stm32f10x_tim.o(.text)
    TIM_OC3PolarityConfig                    0x080074fd   Thumb Code    26  stm32f10x_tim.o(.text)
    TIM_OC3NPolarityConfig                   0x08007517   Thumb Code    26  stm32f10x_tim.o(.text)
    TIM_OC4PolarityConfig                    0x08007531   Thumb Code    26  stm32f10x_tim.o(.text)
    TIM_CCxCmd                               0x0800754b   Thumb Code    30  stm32f10x_tim.o(.text)
    TIM_CCxNCmd                              0x08007569   Thumb Code    30  stm32f10x_tim.o(.text)
    TIM_SelectOCxM                           0x08007587   Thumb Code    82  stm32f10x_tim.o(.text)
    TIM_UpdateDisableConfig                  0x080075d9   Thumb Code    24  stm32f10x_tim.o(.text)
    TIM_UpdateRequestConfig                  0x080075f1   Thumb Code    24  stm32f10x_tim.o(.text)
    TIM_SelectHallSensor                     0x08007609   Thumb Code    24  stm32f10x_tim.o(.text)
    TIM_SelectOnePulseMode                   0x08007621   Thumb Code    18  stm32f10x_tim.o(.text)
    TIM_SelectOutputTrigger                  0x08007633   Thumb Code    18  stm32f10x_tim.o(.text)
    TIM_SelectSlaveMode                      0x08007645   Thumb Code    18  stm32f10x_tim.o(.text)
    TIM_SelectMasterSlaveMode                0x08007657   Thumb Code    18  stm32f10x_tim.o(.text)
    TIM_SetCounter                           0x08007669   Thumb Code     4  stm32f10x_tim.o(.text)
    TIM_SetAutoreload                        0x0800766d   Thumb Code     4  stm32f10x_tim.o(.text)
    TIM_SetCompare1                          0x08007671   Thumb Code     4  stm32f10x_tim.o(.text)
    TIM_SetCompare2                          0x08007675   Thumb Code     4  stm32f10x_tim.o(.text)
    TIM_SetCompare3                          0x08007679   Thumb Code     4  stm32f10x_tim.o(.text)
    TIM_SetCompare4                          0x0800767d   Thumb Code     6  stm32f10x_tim.o(.text)
    TIM_SetClockDivision                     0x08007683   Thumb Code    18  stm32f10x_tim.o(.text)
    TIM_GetCapture1                          0x08007695   Thumb Code     6  stm32f10x_tim.o(.text)
    TIM_GetCapture2                          0x0800769b   Thumb Code     6  stm32f10x_tim.o(.text)
    TIM_GetCapture3                          0x080076a1   Thumb Code     6  stm32f10x_tim.o(.text)
    TIM_GetCapture4                          0x080076a7   Thumb Code     8  stm32f10x_tim.o(.text)
    TIM_GetCounter                           0x080076af   Thumb Code     6  stm32f10x_tim.o(.text)
    TIM_GetPrescaler                         0x080076b5   Thumb Code     6  stm32f10x_tim.o(.text)
    TIM_GetFlagStatus                        0x080076bb   Thumb Code    18  stm32f10x_tim.o(.text)
    TIM_ClearFlag                            0x080076cd   Thumb Code     6  stm32f10x_tim.o(.text)
    TIM_GetITStatus                          0x080076d3   Thumb Code    34  stm32f10x_tim.o(.text)
    TIM_ClearITPendingBit                    0x080076f5   Thumb Code     6  stm32f10x_tim.o(.text)
    USART_DeInit                             0x080076fd   Thumb Code   134  stm32f10x_usart.o(.text)
    USART_Init                               0x08007783   Thumb Code   210  stm32f10x_usart.o(.text)
    USART_StructInit                         0x08007855   Thumb Code    24  stm32f10x_usart.o(.text)
    USART_ClockInit                          0x0800786d   Thumb Code    34  stm32f10x_usart.o(.text)
    USART_ClockStructInit                    0x0800788f   Thumb Code    12  stm32f10x_usart.o(.text)
    USART_Cmd                                0x0800789b   Thumb Code    24  stm32f10x_usart.o(.text)
    USART_ITConfig                           0x080078b3   Thumb Code    74  stm32f10x_usart.o(.text)
    USART_DMACmd                             0x080078fd   Thumb Code    18  stm32f10x_usart.o(.text)
    USART_SetAddress                         0x0800790f   Thumb Code    18  stm32f10x_usart.o(.text)
    USART_WakeUpConfig                       0x08007921   Thumb Code    18  stm32f10x_usart.o(.text)
    USART_ReceiverWakeUpCmd                  0x08007933   Thumb Code    24  stm32f10x_usart.o(.text)
    USART_LINBreakDetectLengthConfig         0x0800794b   Thumb Code    18  stm32f10x_usart.o(.text)
    USART_LINCmd                             0x0800795d   Thumb Code    24  stm32f10x_usart.o(.text)
    USART_SendData                           0x08007975   Thumb Code     8  stm32f10x_usart.o(.text)
    USART_ReceiveData                        0x0800797d   Thumb Code    10  stm32f10x_usart.o(.text)
    USART_SendBreak                          0x08007987   Thumb Code    10  stm32f10x_usart.o(.text)
    USART_SetGuardTime                       0x08007991   Thumb Code    16  stm32f10x_usart.o(.text)
    USART_SetPrescaler                       0x080079a1   Thumb Code    16  stm32f10x_usart.o(.text)
    USART_SmartCardCmd                       0x080079b1   Thumb Code    24  stm32f10x_usart.o(.text)
    USART_SmartCardNACKCmd                   0x080079c9   Thumb Code    24  stm32f10x_usart.o(.text)
    USART_HalfDuplexCmd                      0x080079e1   Thumb Code    24  stm32f10x_usart.o(.text)
    USART_OverSampling8Cmd                   0x080079f9   Thumb Code    22  stm32f10x_usart.o(.text)
    USART_OneBitMethodCmd                    0x08007a0f   Thumb Code    24  stm32f10x_usart.o(.text)
    USART_IrDAConfig                         0x08007a27   Thumb Code    18  stm32f10x_usart.o(.text)
    USART_IrDACmd                            0x08007a39   Thumb Code    24  stm32f10x_usart.o(.text)
    USART_GetFlagStatus                      0x08007a51   Thumb Code    26  stm32f10x_usart.o(.text)
    USART_ClearFlag                          0x08007a6b   Thumb Code    18  stm32f10x_usart.o(.text)
    USART_GetITStatus                        0x08007a7d   Thumb Code    84  stm32f10x_usart.o(.text)
    USART_ClearITPendingBit                  0x08007ad1   Thumb Code    52  stm32f10x_usart.o(.text)
    EXTI_DeInit                              0x08007b05   Thumb Code    28  stm32f10x_exti.o(.text)
    EXTI_Init                                0x08007b21   Thumb Code   142  stm32f10x_exti.o(.text)
    EXTI_StructInit                          0x08007baf   Thumb Code    16  stm32f10x_exti.o(.text)
    EXTI_GenerateSWInterrupt                 0x08007bbf   Thumb Code    16  stm32f10x_exti.o(.text)
    EXTI_GetFlagStatus                       0x08007bcf   Thumb Code    22  stm32f10x_exti.o(.text)
    EXTI_ClearFlag                           0x08007be5   Thumb Code     8  stm32f10x_exti.o(.text)
    EXTI_GetITStatus                         0x08007bed   Thumb Code    34  stm32f10x_exti.o(.text)
    EXTI_ClearITPendingBit                   0x08007c0f   Thumb Code     8  stm32f10x_exti.o(.text)
    __use_no_semihosting                     0x08007c21   Thumb Code     2  use_no_semi_2.o(.text)
    __aeabi_ldivmod                          0x08007c23   Thumb Code     0  llsdiv.o(.text)
    _ll_sdiv                                 0x08007c23   Thumb Code    72  llsdiv.o(.text)
    __c89vsprintf                            0x08007c6d   Thumb Code    32  c89vsprintf.o(.text)
    __2printf                                0x08007c91   Thumb Code    20  __2printf.o(.text)
    _printf_pre_padding                      0x08007ca9   Thumb Code    44  _printf_pad.o(.text)
    _printf_post_padding                     0x08007cd5   Thumb Code    34  _printf_pad.o(.text)
    _printf_int_dec                          0x08007cf9   Thumb Code   104  _printf_dec.o(.text)
    _printf_longlong_hex                     0x08007d71   Thumb Code    86  _printf_hex_int_ll_ptr.o(.text)
    _printf_int_hex                          0x08007dc7   Thumb Code    28  _printf_hex_int_ll_ptr.o(.text)
    _printf_ll_hex                           0x08007de3   Thumb Code    12  _printf_hex_int_ll_ptr.o(.text)
    _printf_hex_ptr                          0x08007def   Thumb Code    18  _printf_hex_int_ll_ptr.o(.text)
    __printf                                 0x08007e05   Thumb Code   388  __printf_flags_ss_wp.o(.text)
    memcmp                                   0x08007f8d   Thumb Code    88  memcmp.o(.text)
    strlen                                   0x08007fe5   Thumb Code    62  strlen.o(.text)
    __aeabi_memset                           0x08008023   Thumb Code    16  aeabi_memset.o(.text)
    __use_two_region_memory                  0x08008033   Thumb Code     2  heapauxi.o(.text)
    __rt_heap_escrow$2region                 0x08008035   Thumb Code     2  heapauxi.o(.text)
    __rt_heap_expand$2region                 0x08008037   Thumb Code     2  heapauxi.o(.text)
    __I$use$semihosting                      0x08008039   Thumb Code     0  use_no_semi.o(.text)
    __use_no_semihosting_swi                 0x08008039   Thumb Code     2  use_no_semi.o(.text)
    __aeabi_uldivmod                         0x0800803b   Thumb Code     0  lludivv7m.o(.text)
    _ll_udiv                                 0x0800803b   Thumb Code   238  lludivv7m.o(.text)
    __read_errno                             0x08008129   Thumb Code    10  _rserrno.o(.text)
    __set_errno                              0x08008133   Thumb Code    12  _rserrno.o(.text)
    _printf_truncate_signed                  0x0800813f   Thumb Code    18  _printf_truncate.o(.text)
    _printf_truncate_unsigned                0x08008151   Thumb Code    18  _printf_truncate.o(.text)
    _printf_str                              0x08008163   Thumb Code    82  _printf_str.o(.text)
    _printf_int_common                       0x080081b5   Thumb Code   178  _printf_intcommon.o(.text)
    _printf_charcount                        0x08008267   Thumb Code    40  _printf_charcount.o(.text)
    _printf_char_common                      0x0800829b   Thumb Code    32  _printf_char_common.o(.text)
    _sputc                                   0x080082c1   Thumb Code    10  _sputc.o(.text)
    _printf_char_file                        0x080082cd   Thumb Code    32  _printf_char_file.o(.text)
    _printf_wctomb                           0x080082f1   Thumb Code   182  _printf_wctomb.o(.text)
    _printf_longlong_dec                     0x080083ad   Thumb Code   108  _printf_longlong_dec.o(.text)
    _printf_longlong_oct                     0x08008429   Thumb Code    68  _printf_oct_int_ll.o(.text)
    _printf_int_oct                          0x0800846d   Thumb Code    24  _printf_oct_int_ll.o(.text)
    _printf_ll_oct                           0x08008485   Thumb Code    12  _printf_oct_int_ll.o(.text)
    __aeabi_memclr                           0x08008499   Thumb Code     0  rt_memclr.o(.text)
    __rt_memclr                              0x08008499   Thumb Code    68  rt_memclr.o(.text)
    _memset                                  0x0800849d   Thumb Code     0  rt_memclr.o(.text)
    __aeabi_errno_addr                       0x080084dd   Thumb Code     8  rt_errno_addr_intlibspace.o(.text)
    __errno$intlibspace                      0x080084dd   Thumb Code     0  rt_errno_addr_intlibspace.o(.text)
    __rt_errno_addr$intlibspace              0x080084dd   Thumb Code     0  rt_errno_addr_intlibspace.o(.text)
    _ll_udiv10                               0x080084e5   Thumb Code   138  lludiv10.o(.text)
    __lib_sel_fp_printf                      0x0800856f   Thumb Code     2  _printf_fp_dec.o(.text)
    _printf_fp_dec_real                      0x0800871d   Thumb Code   620  _printf_fp_dec.o(.text)
    _printf_cs_common                        0x08008989   Thumb Code    20  _printf_char.o(.text)
    _printf_char                             0x0800899d   Thumb Code    16  _printf_char.o(.text)
    _printf_string                           0x080089ad   Thumb Code     8  _printf_char.o(.text)
    _printf_lcs_common                       0x080089b5   Thumb Code    20  _printf_wchar.o(.text)
    _printf_wchar                            0x080089c9   Thumb Code    16  _printf_wchar.o(.text)
    _printf_wstring                          0x080089d9   Thumb Code     8  _printf_wchar.o(.text)
    ferror                                   0x080089e1   Thumb Code     8  ferror.o(.text)
    _wcrtomb                                 0x080089e9   Thumb Code    64  _wcrtomb.o(.text)
    __aeabi_memclr4                          0x08008a29   Thumb Code     0  rt_memclr_w.o(.text)
    __aeabi_memclr8                          0x08008a29   Thumb Code     0  rt_memclr_w.o(.text)
    __rt_memclr_w                            0x08008a29   Thumb Code    78  rt_memclr_w.o(.text)
    _memset_w                                0x08008a2d   Thumb Code     0  rt_memclr_w.o(.text)
    __user_libspace                          0x08008a79   Thumb Code     8  libspace.o(.text)
    __user_perproc_libspace                  0x08008a79   Thumb Code     0  libspace.o(.text)
    __user_perthread_libspace                0x08008a79   Thumb Code     0  libspace.o(.text)
    __user_setup_stackheap                   0x08008a81   Thumb Code    74  sys_stackheap_outer.o(.text)
    __rt_ctype_table                         0x08008acd   Thumb Code    16  rt_ctype_table.o(.text)
    __rt_locale                              0x08008add   Thumb Code     8  rt_locale_intlibspace.o(.text)
    _printf_fp_infnan                        0x08008ae5   Thumb Code   112  _printf_fp_infnan.o(.text)
    _btod_etento                             0x08008b65   Thumb Code   216  bigflt0.o(.text)
    exit                                     0x08008c41   Thumb Code    18  exit.o(.text)
    strcmp                                   0x08008c55   Thumb Code   128  strcmpv7m.o(.text)
    _btod_d2e                                0x08008cd5   Thumb Code    62  btod.o(CL$$btod_d2e)
    _d2e_denorm_low                          0x08008d13   Thumb Code    70  btod.o(CL$$btod_d2e_denorm_low)
    _d2e_norm_op1                            0x08008d59   Thumb Code    96  btod.o(CL$$btod_d2e_norm_op1)
    __btod_div_common                        0x08008db9   Thumb Code   696  btod.o(CL$$btod_div_common)
    _e2e                                     0x080090f1   Thumb Code   198  btod.o(CL$$btod_e2e)
    _btod_ediv                               0x080091b7   Thumb Code    40  btod.o(CL$$btod_ediv)
    _btod_emul                               0x080091df   Thumb Code    40  btod.o(CL$$btod_emul)
    __btod_mult_common                       0x08009207   Thumb Code   580  btod.o(CL$$btod_mult_common)
    __ARM_fpclassify                         0x0800944b   Thumb Code    40  fpclassify.o(i.__ARM_fpclassify)
    __kernel_poly                            0x08009473   Thumb Code   170  poly.o(i.__kernel_poly)
    __mathlib_dbl_infnan                     0x0800951d   Thumb Code     6  dunder.o(i.__mathlib_dbl_infnan)
    __mathlib_dbl_infnan2                    0x08009523   Thumb Code     4  dunder.o(i.__mathlib_dbl_infnan2)
    __mathlib_dbl_invalid                    0x08009527   Thumb Code    12  dunder.o(i.__mathlib_dbl_invalid)
    __mathlib_dbl_underflow                  0x08009535   Thumb Code    10  dunder.o(i.__mathlib_dbl_underflow)
    _is_digit                                0x08009545   Thumb Code    14  __printf_wp.o(i._is_digit)
    asin                                     0x08009555   Thumb Code   572  asin.o(i.asin)
    atan                                     0x080097c5   Thumb Code   474  atan.o(i.atan)
    atan2                                    0x080099e5   Thumb Code   346  atan2.o(i.atan2)
    sqrt                                     0x08009b65   Thumb Code    76  sqrt.o(i.sqrt)
    _get_lc_numeric                          0x08009bb1   Thumb Code    44  lc_numeric_c.o(locale$$code)
    _get_lc_ctype                            0x08009bdd   Thumb Code    44  lc_ctype_c.o(locale$$code)
    __aeabi_d2f                              0x08009c09   Thumb Code     0  d2f.o(x$fpl$d2f)
    _d2f                                     0x08009c09   Thumb Code    98  d2f.o(x$fpl$d2f)
    __aeabi_dadd                             0x08009c6d   Thumb Code     0  daddsub_clz.o(x$fpl$dadd)
    _dadd                                    0x08009c6d   Thumb Code   332  daddsub_clz.o(x$fpl$dadd)
    __fpl_dcheck_NaN1                        0x08009dbd   Thumb Code    10  dcheck1.o(x$fpl$dcheck1)
    __aeabi_ddiv                             0x08009dcd   Thumb Code     0  ddiv.o(x$fpl$ddiv)
    _ddiv                                    0x08009dcd   Thumb Code   552  ddiv.o(x$fpl$ddiv)
    __aeabi_d2iz                             0x0800a07d   Thumb Code     0  dfix.o(x$fpl$dfix)
    _dfix                                    0x0800a07d   Thumb Code    94  dfix.o(x$fpl$dfix)
    __aeabi_d2uiz                            0x0800a0dd   Thumb Code     0  dfixu.o(x$fpl$dfixu)
    _dfixu                                   0x0800a0dd   Thumb Code    90  dfixu.o(x$fpl$dfixu)
    __aeabi_i2d                              0x0800a137   Thumb Code     0  dflt_clz.o(x$fpl$dflt)
    _dflt                                    0x0800a137   Thumb Code    46  dflt_clz.o(x$fpl$dflt)
    __aeabi_ui2d                             0x0800a165   Thumb Code     0  dflt_clz.o(x$fpl$dfltu)
    _dfltu                                   0x0800a165   Thumb Code    38  dflt_clz.o(x$fpl$dfltu)
    __aeabi_dmul                             0x0800a18d   Thumb Code     0  dmul.o(x$fpl$dmul)
    _dmul                                    0x0800a18d   Thumb Code   332  dmul.o(x$fpl$dmul)
    __fpl_dnaninf                            0x0800a2e1   Thumb Code   156  dnaninf.o(x$fpl$dnaninf)
    __fpl_dretinf                            0x0800a37d   Thumb Code    12  dretinf.o(x$fpl$dretinf)
    __aeabi_drsub                            0x0800a389   Thumb Code     0  daddsub_clz.o(x$fpl$drsb)
    _drsb                                    0x0800a389   Thumb Code    22  daddsub_clz.o(x$fpl$drsb)
    _dsqrt                                   0x0800a3a1   Thumb Code   456  dsqrt_noumaal.o(x$fpl$dsqrt)
    __aeabi_dsub                             0x0800a56d   Thumb Code     0  daddsub_clz.o(x$fpl$dsub)
    _dsub                                    0x0800a56d   Thumb Code   464  daddsub_clz.o(x$fpl$dsub)
    __aeabi_f2d                              0x0800a741   Thumb Code     0  f2d.o(x$fpl$f2d)
    _f2d                                     0x0800a741   Thumb Code    86  f2d.o(x$fpl$f2d)
    __aeabi_fadd                             0x0800a799   Thumb Code     0  faddsub_clz.o(x$fpl$fadd)
    _fadd                                    0x0800a799   Thumb Code   196  faddsub_clz.o(x$fpl$fadd)
    __fpl_fcmp_Inf                           0x0800a85d   Thumb Code    24  fcmpi.o(x$fpl$fcmpinf)
    __aeabi_fdiv                             0x0800a875   Thumb Code     0  fdiv.o(x$fpl$fdiv)
    _fdiv                                    0x0800a875   Thumb Code   384  fdiv.o(x$fpl$fdiv)
    __aeabi_cfcmpeq                          0x0800a9f9   Thumb Code     0  feqf.o(x$fpl$feqf)
    _fcmpeq                                  0x0800a9f9   Thumb Code   104  feqf.o(x$fpl$feqf)
    __aeabi_f2iz                             0x0800aa61   Thumb Code     0  ffix.o(x$fpl$ffix)
    _ffix                                    0x0800aa61   Thumb Code    54  ffix.o(x$fpl$ffix)
    __aeabi_f2uiz                            0x0800aa99   Thumb Code     0  ffixu.o(x$fpl$ffixu)
    _ffixu                                   0x0800aa99   Thumb Code    62  ffixu.o(x$fpl$ffixu)
    __aeabi_i2f                              0x0800aad9   Thumb Code     0  fflt_clz.o(x$fpl$fflt)
    _fflt                                    0x0800aad9   Thumb Code    48  fflt_clz.o(x$fpl$fflt)
    __aeabi_ui2f                             0x0800ab09   Thumb Code     0  fflt_clz.o(x$fpl$ffltu)
    _ffltu                                   0x0800ab09   Thumb Code    38  fflt_clz.o(x$fpl$ffltu)
    __aeabi_cfcmple                          0x0800ab31   Thumb Code     0  fleqf.o(x$fpl$fleqf)
    _fcmple                                  0x0800ab31   Thumb Code   104  fleqf.o(x$fpl$fleqf)
    __fpl_fcmple_InfNaN                      0x0800ab83   Thumb Code     0  fleqf.o(x$fpl$fleqf)
    __aeabi_fmul                             0x0800ab99   Thumb Code     0  fmul.o(x$fpl$fmul)
    _fmul                                    0x0800ab99   Thumb Code   258  fmul.o(x$fpl$fmul)
    __fpl_fnaninf                            0x0800ac9b   Thumb Code   140  fnaninf.o(x$fpl$fnaninf)
    __fpl_fretinf                            0x0800ad27   Thumb Code    10  fretinf.o(x$fpl$fretinf)
    __aeabi_cfrcmple                         0x0800ad31   Thumb Code     0  frleqf.o(x$fpl$frleqf)
    _frcmple                                 0x0800ad31   Thumb Code    98  frleqf.o(x$fpl$frleqf)
    __aeabi_fsub                             0x0800ad95   Thumb Code     0  faddsub_clz.o(x$fpl$fsub)
    _fsub                                    0x0800ad95   Thumb Code   234  faddsub_clz.o(x$fpl$fsub)
    _printf_fp_dec                           0x0800ae7f   Thumb Code     4  printf1.o(x$fpl$printf1)
    __fpl_return_NaN                         0x0800ae83   Thumb Code   100  retnan.o(x$fpl$retnan)
    __ARM_scalbn                             0x0800aee7   Thumb Code    92  scalbn.o(x$fpl$scalbn)
    __fpl_cmpreturn                          0x0800af43   Thumb Code    48  trapv.o(x$fpl$trapveneer)
    __I$use$fp                               0x0800af72   Number         0  usenofp.o(x$fpl$usenofp)
    reg                                      0x0800af74   Data          27  inv_mpu.o(.constdata)
    hw                                       0x0800af90   Data          12  inv_mpu.o(.constdata)
    test                                     0x0800af9c   Data          40  inv_mpu.o(.constdata)
    oled_asc2_1206                           0x0800bbba   Data        1140  oled.o(.constdata)
    oled_asc2_1608                           0x0800c02e   Data        1520  oled.o(.constdata)
    oled_asc2_2412                           0x0800c61e   Data        3420  oled.o(.constdata)
    auw_hamm                                 0x0800d37a   Data          62  algorithm.o(.constdata)
    uch_spo2_table                           0x0800d3b8   Data         184  algorithm.o(.constdata)
    __mathlib_zero                           0x0800d5a0   Data           8  qnan.o(.constdata)
    Region$$Table$$Base                      0x0800d68c   Number         0  anon$$obj.o(Region$$Table)
    Region$$Table$$Limit                     0x0800d6ac   Number         0  anon$$obj.o(Region$$Table)
    __ctype                                  0x0800d6d5   Data           0  lc_ctype_c.o(locale$$data)
    Mode                                     0x20000000   Data           1  main.o(.data)
    standby                                  0x20000004   Data           4  main.o(.data)
    second                                   0x20000008   Data           1  main.o(.data)
    minute                                   0x20000009   Data           1  main.o(.data)
    hour                                     0x2000000a   Data           1  main.o(.data)
    day                                      0x2000000b   Data           1  main.o(.data)
    month                                    0x2000000c   Data           1  main.o(.data)
    year                                     0x2000000e   Data           2  main.o(.data)
    week                                     0x20000010   Data           2  main.o(.data)
    iweek                                    0x20000012   Data           2  main.o(.data)
    OLED_c                                   0x20000014   Data           1  main.o(.data)
    SystemCoreClock                          0x20000018   Data           4  system_stm32f10x.o(.data)
    AHBPrescTable                            0x2000001c   Data          16  system_stm32f10x.o(.data)
    USART3_RX_STA                            0x20000062   Data           2  usart3.o(.data)
    n_ir_buffer_length                       0x20000064   Data           4  new_max30102.o(.data)
    n_sp02                                   0x20000068   Data           4  new_max30102.o(.data)
    ch_spo2_valid                            0x2000006c   Data           1  new_max30102.o(.data)
    n_heart_rate                             0x20000070   Data           4  new_max30102.o(.data)
    ch_hr_valid                              0x20000074   Data           1  new_max30102.o(.data)
    uch_dummy                                0x20000075   Data           1  new_max30102.o(.data)
    un_min                                   0x20000078   Data           4  new_max30102.o(.data)
    un_max                                   0x2000007c   Data           4  new_max30102.o(.data)
    un_prev_data                             0x20000080   Data           4  new_max30102.o(.data)
    i                                        0x20000084   Data           4  new_max30102.o(.data)
    n_brightness                             0x20000088   Data           4  new_max30102.o(.data)
    f_temp                                   0x2000008c   Data           4  new_max30102.o(.data)
    __stdout                                 0x20000094   Data           4  usart.o(.data)
    USART_RX_STA                             0x20000098   Data           2  usart.o(.data)
    OLED_GRAM                                0x200000c0   Data        1024  oled.o(.bss)
    USART3_RX_BUF                            0x200004c0   Data         600  usart3.o(.bss)
    USART3_TX_BUF                            0x20000718   Data         600  usart3.o(.bss)
    aun_ir_buffer                            0x200020d0   Data        2000  new_max30102.o(.bss)
    aun_red_buffer                           0x200028a0   Data        2000  new_max30102.o(.bss)
    USART_RX_BUF                             0x20003070   Data         200  usart.o(.bss)
    __libspace_start                         0x20003138   Data          96  libspace.o(.bss)
    __temporary_stack_top$libspace           0x20003198   Data           0  libspace.o(.bss)



==============================================================================

Memory Map of the image

  Image Entry point : 0x08000131

  Load Region LR_IROM1 (Base: 0x08000000, Size: 0x0000d888, Max: 0x00080000, ABSOLUTE)

    Execution Region ER_IROM1 (Exec base: 0x08000000, Load base: 0x08000000, Size: 0x0000d7d8, Max: 0x00080000, ABSOLUTE)

    Exec Addr    Load Addr    Size         Type   Attr      Idx    E Section Name        Object

    0x08000000   0x08000000   0x00000130   Data   RO          586    RESET               startup_stm32f10x_hd.o
    0x08000130   0x08000130   0x00000008   Code   RO          736  * !!!main             c_w.l(__main.o)
    0x08000138   0x08000138   0x00000034   Code   RO         1163    !!!scatter          c_w.l(__scatter.o)
    0x0800016c   0x0800016c   0x0000001a   Code   RO         1165    !!handler_copy      c_w.l(__scatter_copy.o)
    0x08000186   0x08000186   0x00000002   PAD
    0x08000188   0x08000188   0x0000001c   Code   RO         1167    !!handler_zi        c_w.l(__scatter_zi.o)
    0x080001a4   0x080001a4   0x00000000   Code   RO          727    .ARM.Collect$$_printf_percent$$00000000  c_w.l(_printf_percent.o)
    0x080001a4   0x080001a4   0x00000006   Code   RO          852    .ARM.Collect$$_printf_percent$$00000001  c_w.l(_printf_n.o)
    0x080001aa   0x080001aa   0x00000006   Code   RO          853    .ARM.Collect$$_printf_percent$$00000002  c_w.l(_printf_p.o)
    0x080001b0   0x080001b0   0x00000006   Code   RO          856    .ARM.Collect$$_printf_percent$$00000003  c_w.l(_printf_f.o)
    0x080001b6   0x080001b6   0x00000006   Code   RO          857    .ARM.Collect$$_printf_percent$$00000004  c_w.l(_printf_e.o)
    0x080001bc   0x080001bc   0x00000006   Code   RO          858    .ARM.Collect$$_printf_percent$$00000005  c_w.l(_printf_g.o)
    0x080001c2   0x080001c2   0x00000006   Code   RO          859    .ARM.Collect$$_printf_percent$$00000006  c_w.l(_printf_a.o)
    0x080001c8   0x080001c8   0x0000000a   Code   RO          864    .ARM.Collect$$_printf_percent$$00000007  c_w.l(_printf_ll.o)
    0x080001d2   0x080001d2   0x00000006   Code   RO          725    .ARM.Collect$$_printf_percent$$00000008  c_w.l(_printf_i.o)
    0x080001d8   0x080001d8   0x00000006   Code   RO          726    .ARM.Collect$$_printf_percent$$00000009  c_w.l(_printf_d.o)
    0x080001de   0x080001de   0x00000006   Code   RO          855    .ARM.Collect$$_printf_percent$$0000000A  c_w.l(_printf_u.o)
    0x080001e4   0x080001e4   0x00000006   Code   RO          854    .ARM.Collect$$_printf_percent$$0000000B  c_w.l(_printf_o.o)
    0x080001ea   0x080001ea   0x00000006   Code   RO          724    .ARM.Collect$$_printf_percent$$0000000C  c_w.l(_printf_x.o)
    0x080001f0   0x080001f0   0x00000006   Code   RO          861    .ARM.Collect$$_printf_percent$$0000000D  c_w.l(_printf_lli.o)
    0x080001f6   0x080001f6   0x00000006   Code   RO          862    .ARM.Collect$$_printf_percent$$0000000E  c_w.l(_printf_lld.o)
    0x080001fc   0x080001fc   0x00000006   Code   RO          863    .ARM.Collect$$_printf_percent$$0000000F  c_w.l(_printf_llu.o)
    0x08000202   0x08000202   0x00000006   Code   RO          868    .ARM.Collect$$_printf_percent$$00000010  c_w.l(_printf_llo.o)
    0x08000208   0x08000208   0x00000006   Code   RO          869    .ARM.Collect$$_printf_percent$$00000011  c_w.l(_printf_llx.o)
    0x0800020e   0x0800020e   0x0000000a   Code   RO          865    .ARM.Collect$$_printf_percent$$00000012  c_w.l(_printf_l.o)
    0x08000218   0x08000218   0x00000006   Code   RO          850    .ARM.Collect$$_printf_percent$$00000013  c_w.l(_printf_c.o)
    0x0800021e   0x0800021e   0x00000006   Code   RO          851    .ARM.Collect$$_printf_percent$$00000014  c_w.l(_printf_s.o)
    0x08000224   0x08000224   0x00000006   Code   RO          866    .ARM.Collect$$_printf_percent$$00000015  c_w.l(_printf_lc.o)
    0x0800022a   0x0800022a   0x00000006   Code   RO          867    .ARM.Collect$$_printf_percent$$00000016  c_w.l(_printf_ls.o)
    0x08000230   0x08000230   0x00000004   Code   RO          860    .ARM.Collect$$_printf_percent$$00000017  c_w.l(_printf_percent_end.o)
    0x08000234   0x08000234   0x00000002   Code   RO         1023    .ARM.Collect$$libinit$$00000000  c_w.l(libinit.o)
    0x08000236   0x08000236   0x00000000   Code   RO         1042    .ARM.Collect$$libinit$$00000002  c_w.l(libinit2.o)
    0x08000236   0x08000236   0x00000000   Code   RO         1044    .ARM.Collect$$libinit$$00000004  c_w.l(libinit2.o)
    0x08000236   0x08000236   0x00000000   Code   RO         1047    .ARM.Collect$$libinit$$0000000A  c_w.l(libinit2.o)
    0x08000236   0x08000236   0x00000000   Code   RO         1049    .ARM.Collect$$libinit$$0000000C  c_w.l(libinit2.o)
    0x08000236   0x08000236   0x00000000   Code   RO         1051    .ARM.Collect$$libinit$$0000000E  c_w.l(libinit2.o)
    0x08000236   0x08000236   0x00000006   Code   RO         1052    .ARM.Collect$$libinit$$0000000F  c_w.l(libinit2.o)
    0x0800023c   0x0800023c   0x00000000   Code   RO         1054    .ARM.Collect$$libinit$$00000011  c_w.l(libinit2.o)
    0x0800023c   0x0800023c   0x0000000c   Code   RO         1055    .ARM.Collect$$libinit$$00000012  c_w.l(libinit2.o)
    0x08000248   0x08000248   0x00000000   Code   RO         1056    .ARM.Collect$$libinit$$00000013  c_w.l(libinit2.o)
    0x08000248   0x08000248   0x00000000   Code   RO         1058    .ARM.Collect$$libinit$$00000015  c_w.l(libinit2.o)
    0x08000248   0x08000248   0x0000000a   Code   RO         1059    .ARM.Collect$$libinit$$00000016  c_w.l(libinit2.o)
    0x08000252   0x08000252   0x00000000   Code   RO         1060    .ARM.Collect$$libinit$$00000017  c_w.l(libinit2.o)
    0x08000252   0x08000252   0x00000000   Code   RO         1062    .ARM.Collect$$libinit$$00000019  c_w.l(libinit2.o)
    0x08000252   0x08000252   0x00000000   Code   RO         1064    .ARM.Collect$$libinit$$0000001B  c_w.l(libinit2.o)
    0x08000252   0x08000252   0x00000000   Code   RO         1066    .ARM.Collect$$libinit$$0000001D  c_w.l(libinit2.o)
    0x08000252   0x08000252   0x00000000   Code   RO         1068    .ARM.Collect$$libinit$$0000001F  c_w.l(libinit2.o)
    0x08000252   0x08000252   0x00000000   Code   RO         1070    .ARM.Collect$$libinit$$00000021  c_w.l(libinit2.o)
    0x08000252   0x08000252   0x00000000   Code   RO         1072    .ARM.Collect$$libinit$$00000023  c_w.l(libinit2.o)
    0x08000252   0x08000252   0x00000000   Code   RO         1074    .ARM.Collect$$libinit$$00000025  c_w.l(libinit2.o)
    0x08000252   0x08000252   0x00000000   Code   RO         1078    .ARM.Collect$$libinit$$0000002C  c_w.l(libinit2.o)
    0x08000252   0x08000252   0x00000000   Code   RO         1080    .ARM.Collect$$libinit$$0000002E  c_w.l(libinit2.o)
    0x08000252   0x08000252   0x00000000   Code   RO         1082    .ARM.Collect$$libinit$$00000030  c_w.l(libinit2.o)
    0x08000252   0x08000252   0x00000000   Code   RO         1084    .ARM.Collect$$libinit$$00000032  c_w.l(libinit2.o)
    0x08000252   0x08000252   0x00000002   Code   RO         1085    .ARM.Collect$$libinit$$00000033  c_w.l(libinit2.o)
    0x08000254   0x08000254   0x00000002   Code   RO         1115    .ARM.Collect$$libshutdown$$00000000  c_w.l(libshutdown.o)
    0x08000256   0x08000256   0x00000000   Code   RO         1129    .ARM.Collect$$libshutdown$$00000002  c_w.l(libshutdown2.o)
    0x08000256   0x08000256   0x00000000   Code   RO         1131    .ARM.Collect$$libshutdown$$00000004  c_w.l(libshutdown2.o)
    0x08000256   0x08000256   0x00000000   Code   RO         1134    .ARM.Collect$$libshutdown$$00000007  c_w.l(libshutdown2.o)
    0x08000256   0x08000256   0x00000000   Code   RO         1137    .ARM.Collect$$libshutdown$$0000000A  c_w.l(libshutdown2.o)
    0x08000256   0x08000256   0x00000000   Code   RO         1139    .ARM.Collect$$libshutdown$$0000000C  c_w.l(libshutdown2.o)
    0x08000256   0x08000256   0x00000000   Code   RO         1142    .ARM.Collect$$libshutdown$$0000000F  c_w.l(libshutdown2.o)
    0x08000256   0x08000256   0x00000002   Code   RO         1143    .ARM.Collect$$libshutdown$$00000010  c_w.l(libshutdown2.o)
    0x08000258   0x08000258   0x00000000   Code   RO          820    .ARM.Collect$$rtentry$$00000000  c_w.l(__rtentry.o)
    0x08000258   0x08000258   0x00000000   Code   RO          925    .ARM.Collect$$rtentry$$00000002  c_w.l(__rtentry2.o)
    0x08000258   0x08000258   0x00000006   Code   RO          937    .ARM.Collect$$rtentry$$00000004  c_w.l(__rtentry4.o)
    0x0800025e   0x0800025e   0x00000000   Code   RO          927    .ARM.Collect$$rtentry$$00000009  c_w.l(__rtentry2.o)
    0x0800025e   0x0800025e   0x00000004   Code   RO          928    .ARM.Collect$$rtentry$$0000000A  c_w.l(__rtentry2.o)
    0x08000262   0x08000262   0x00000000   Code   RO          930    .ARM.Collect$$rtentry$$0000000C  c_w.l(__rtentry2.o)
    0x08000262   0x08000262   0x00000008   Code   RO          931    .ARM.Collect$$rtentry$$0000000D  c_w.l(__rtentry2.o)
    0x0800026a   0x0800026a   0x00000002   Code   RO         1030    .ARM.Collect$$rtexit$$00000000  c_w.l(rtexit.o)
    0x0800026c   0x0800026c   0x00000000   Code   RO         1089    .ARM.Collect$$rtexit$$00000002  c_w.l(rtexit2.o)
    0x0800026c   0x0800026c   0x00000004   Code   RO         1090    .ARM.Collect$$rtexit$$00000003  c_w.l(rtexit2.o)
    0x08000270   0x08000270   0x00000006   Code   RO         1091    .ARM.Collect$$rtexit$$00000004  c_w.l(rtexit2.o)
    0x08000276   0x08000276   0x00000002   PAD
    0x08000278   0x08000278   0x000006b0   Code   RO            1    .text               main.o
    0x08000928   0x08000928   0x0000001a   Code   RO          185    .text               stm32f10x_it.o
    0x08000942   0x08000942   0x00000002   PAD
    0x08000944   0x08000944   0x000001e0   Code   RO          226    .text               system_stm32f10x.o
    0x08000b24   0x08000b24   0x000000e8   Code   RO          244    .text               timer.o
    0x08000c0c   0x08000c0c   0x0000004c   Code   RO          257    .text               exti.o
    0x08000c58   0x08000c58   0x0000002c   Code   RO          269    .text               key.o
    0x08000c84   0x08000c84   0x0000004c   Code   RO          281    .text               led.o
    0x08000cd0   0x08000cd0   0x0000009c   Code   RO          293    .text               lm75.o
    0x08000d6c   0x08000d6c   0x000003ac   Code   RO          305    .text               mpu6050.o
    0x08001118   0x08001118   0x0000024c   Code   RO          321    .text               mpuiic.o
    0x08001364   0x08001364   0x0000228c   Code   RO          333    .text               inv_mpu.o
    0x080035f0   0x080035f0   0x00000d70   Code   RO          363    .text               inv_mpu_dmp_motion_driver.o
    0x08004360   0x08004360   0x000004fa   Code   RO          388    .text               oled.o
    0x0800485a   0x0800485a   0x00000002   PAD
    0x0800485c   0x0800485c   0x00000364   Code   RO          407    .text               date.o
    0x08004bc0   0x08004bc0   0x00000218   Code   RO          420    .text               hc05.o
    0x08004dd8   0x08004dd8   0x0000017c   Code   RO          432    .text               usart3.o
    0x08004f54   0x08004f54   0x000006a4   Code   RO          458    .text               algorithm.o
    0x080055f8   0x080055f8   0x00000270   Code   RO          477    .text               myiic.o
    0x08005868   0x08005868   0x00000274   Code   RO          489    .text               max30102.o
    0x08005adc   0x08005adc   0x000003d4   Code   RO          501    .text               new_max30102.o
    0x08005eb0   0x08005eb0   0x000000d4   Code   RO          520    .text               delay.o
    0x08005f84   0x08005f84   0x00000140   Code   RO          551    .text               usart.o
    0x080060c4   0x080060c4   0x00000040   Code   RO          587    .text               startup_stm32f10x_hd.o
    0x08006104   0x08006104   0x000000dc   Code   RO          591    .text               misc.o
    0x080061e0   0x080061e0   0x0000035c   Code   RO          603    .text               stm32f10x_gpio.o
    0x0800653c   0x0800653c   0x000003a4   Code   RO          615    .text               stm32f10x_rcc.o
    0x080068e0   0x080068e0   0x00000e1a   Code   RO          629    .text               stm32f10x_tim.o
    0x080076fa   0x080076fa   0x00000002   PAD
    0x080076fc   0x080076fc   0x00000408   Code   RO          641    .text               stm32f10x_usart.o
    0x08007b04   0x08007b04   0x0000011c   Code   RO          653    .text               stm32f10x_exti.o
    0x08007c20   0x08007c20   0x00000002   Code   RO          667    .text               c_w.l(use_no_semi_2.o)
    0x08007c22   0x08007c22   0x00000048   Code   RO          669    .text               c_w.l(llsdiv.o)
    0x08007c6a   0x08007c6a   0x00000002   PAD
    0x08007c6c   0x08007c6c   0x00000024   Code   RO          671    .text               c_w.l(c89vsprintf.o)
    0x08007c90   0x08007c90   0x00000018   Code   RO          673    .text               c_w.l(__2printf.o)
    0x08007ca8   0x08007ca8   0x0000004e   Code   RO          679    .text               c_w.l(_printf_pad.o)
    0x08007cf6   0x08007cf6   0x00000002   PAD
    0x08007cf8   0x08007cf8   0x00000078   Code   RO          681    .text               c_w.l(_printf_dec.o)
    0x08007d70   0x08007d70   0x00000094   Code   RO          701    .text               c_w.l(_printf_hex_int_ll_ptr.o)
    0x08007e04   0x08007e04   0x00000188   Code   RO          721    .text               c_w.l(__printf_flags_ss_wp.o)
    0x08007f8c   0x08007f8c   0x00000058   Code   RO          728    .text               c_w.l(memcmp.o)
    0x08007fe4   0x08007fe4   0x0000003e   Code   RO          730    .text               c_w.l(strlen.o)
    0x08008022   0x08008022   0x00000010   Code   RO          732    .text               c_w.l(aeabi_memset.o)
    0x08008032   0x08008032   0x00000006   Code   RO          734    .text               c_w.l(heapauxi.o)
    0x08008038   0x08008038   0x00000002   Code   RO          818    .text               c_w.l(use_no_semi.o)
    0x0800803a   0x0800803a   0x000000ee   Code   RO          821    .text               c_w.l(lludivv7m.o)
    0x08008128   0x08008128   0x00000016   Code   RO          823    .text               c_w.l(_rserrno.o)
    0x0800813e   0x0800813e   0x00000024   Code   RO          825    .text               c_w.l(_printf_truncate.o)
    0x08008162   0x08008162   0x00000052   Code   RO          827    .text               c_w.l(_printf_str.o)
    0x080081b4   0x080081b4   0x000000b2   Code   RO          829    .text               c_w.l(_printf_intcommon.o)
    0x08008266   0x08008266   0x00000028   Code   RO          831    .text               c_w.l(_printf_charcount.o)
    0x0800828e   0x0800828e   0x00000002   PAD
    0x08008290   0x08008290   0x00000030   Code   RO          833    .text               c_w.l(_printf_char_common.o)
    0x080082c0   0x080082c0   0x0000000a   Code   RO          835    .text               c_w.l(_sputc.o)
    0x080082ca   0x080082ca   0x00000002   PAD
    0x080082cc   0x080082cc   0x00000024   Code   RO          837    .text               c_w.l(_printf_char_file.o)
    0x080082f0   0x080082f0   0x000000bc   Code   RO          839    .text               c_w.l(_printf_wctomb.o)
    0x080083ac   0x080083ac   0x0000007c   Code   RO          842    .text               c_w.l(_printf_longlong_dec.o)
    0x08008428   0x08008428   0x00000070   Code   RO          848    .text               c_w.l(_printf_oct_int_ll.o)
    0x08008498   0x08008498   0x00000044   Code   RO          870    .text               c_w.l(rt_memclr.o)
    0x080084dc   0x080084dc   0x00000008   Code   RO          946    .text               c_w.l(rt_errno_addr_intlibspace.o)
    0x080084e4   0x080084e4   0x0000008a   Code   RO          948    .text               c_w.l(lludiv10.o)
    0x0800856e   0x0800856e   0x0000041a   Code   RO          950    .text               c_w.l(_printf_fp_dec.o)
    0x08008988   0x08008988   0x0000002c   Code   RO          954    .text               c_w.l(_printf_char.o)
    0x080089b4   0x080089b4   0x0000002c   Code   RO          956    .text               c_w.l(_printf_wchar.o)
    0x080089e0   0x080089e0   0x00000008   Code   RO          958    .text               c_w.l(ferror.o)
    0x080089e8   0x080089e8   0x00000040   Code   RO          962    .text               c_w.l(_wcrtomb.o)
    0x08008a28   0x08008a28   0x0000004e   Code   RO          964    .text               c_w.l(rt_memclr_w.o)
    0x08008a76   0x08008a76   0x00000002   PAD
    0x08008a78   0x08008a78   0x00000008   Code   RO          972    .text               c_w.l(libspace.o)
    0x08008a80   0x08008a80   0x0000004a   Code   RO          975    .text               c_w.l(sys_stackheap_outer.o)
    0x08008aca   0x08008aca   0x00000002   PAD
    0x08008acc   0x08008acc   0x00000010   Code   RO          977    .text               c_w.l(rt_ctype_table.o)
    0x08008adc   0x08008adc   0x00000008   Code   RO          984    .text               c_w.l(rt_locale_intlibspace.o)
    0x08008ae4   0x08008ae4   0x00000080   Code   RO          986    .text               c_w.l(_printf_fp_infnan.o)
    0x08008b64   0x08008b64   0x000000dc   Code   RO          988    .text               c_w.l(bigflt0.o)
    0x08008c40   0x08008c40   0x00000012   Code   RO         1016    .text               c_w.l(exit.o)
    0x08008c52   0x08008c52   0x00000002   PAD
    0x08008c54   0x08008c54   0x00000080   Code   RO         1039    .text               c_w.l(strcmpv7m.o)
    0x08008cd4   0x08008cd4   0x0000003e   Code   RO          991    CL$$btod_d2e        c_w.l(btod.o)
    0x08008d12   0x08008d12   0x00000046   Code   RO          993    CL$$btod_d2e_denorm_low  c_w.l(btod.o)
    0x08008d58   0x08008d58   0x00000060   Code   RO          992    CL$$btod_d2e_norm_op1  c_w.l(btod.o)
    0x08008db8   0x08008db8   0x00000338   Code   RO         1001    CL$$btod_div_common  c_w.l(btod.o)
    0x080090f0   0x080090f0   0x000000c6   Code   RO          998    CL$$btod_e2e        c_w.l(btod.o)
    0x080091b6   0x080091b6   0x00000028   Code   RO          995    CL$$btod_ediv       c_w.l(btod.o)
    0x080091de   0x080091de   0x00000028   Code   RO          994    CL$$btod_emul       c_w.l(btod.o)
    0x08009206   0x08009206   0x00000244   Code   RO         1000    CL$$btod_mult_common  c_w.l(btod.o)
    0x0800944a   0x0800944a   0x00000028   Code   RO          911    i.__ARM_fpclassify  m_ws.l(fpclassify.o)
    0x08009472   0x08009472   0x000000aa   Code   RO          913    i.__kernel_poly     m_ws.l(poly.o)
    0x0800951c   0x0800951c   0x00000006   Code   RO          898    i.__mathlib_dbl_infnan  m_ws.l(dunder.o)
    0x08009522   0x08009522   0x00000004   Code   RO          899    i.__mathlib_dbl_infnan2  m_ws.l(dunder.o)
    0x08009526   0x08009526   0x0000000c   Code   RO          900    i.__mathlib_dbl_invalid  m_ws.l(dunder.o)
    0x08009532   0x08009532   0x00000002   PAD
    0x08009534   0x08009534   0x00000010   Code   RO          903    i.__mathlib_dbl_underflow  m_ws.l(dunder.o)
    0x08009544   0x08009544   0x0000000e   Code   RO          714    i._is_digit         c_w.l(__printf_wp.o)
    0x08009552   0x08009552   0x00000002   PAD
    0x08009554   0x08009554   0x00000270   Code   RO          801    i.asin              m_ws.l(asin.o)
    0x080097c4   0x080097c4   0x00000220   Code   RO          888    i.atan              m_ws.l(atan.o)
    0x080099e4   0x080099e4   0x00000180   Code   RO          811    i.atan2             m_ws.l(atan2.o)
    0x08009b64   0x08009b64   0x0000004c   Code   RO          917    i.sqrt              m_ws.l(sqrt.o)
    0x08009bb0   0x08009bb0   0x0000002c   Code   RO         1014    locale$$code        c_w.l(lc_numeric_c.o)
    0x08009bdc   0x08009bdc   0x0000002c   Code   RO         1033    locale$$code        c_w.l(lc_ctype_c.o)
    0x08009c08   0x08009c08   0x00000062   Code   RO          738    x$fpl$d2f           fz_ws.l(d2f.o)
    0x08009c6a   0x08009c6a   0x00000002   PAD
    0x08009c6c   0x08009c6c   0x00000150   Code   RO          740    x$fpl$dadd          fz_ws.l(daddsub_clz.o)
    0x08009dbc   0x08009dbc   0x00000010   Code   RO          966    x$fpl$dcheck1       fz_ws.l(dcheck1.o)
    0x08009dcc   0x08009dcc   0x000002b0   Code   RO          747    x$fpl$ddiv          fz_ws.l(ddiv.o)
    0x0800a07c   0x0800a07c   0x0000005e   Code   RO          750    x$fpl$dfix          fz_ws.l(dfix.o)
    0x0800a0da   0x0800a0da   0x00000002   PAD
    0x0800a0dc   0x0800a0dc   0x0000005a   Code   RO          754    x$fpl$dfixu         fz_ws.l(dfixu.o)
    0x0800a136   0x0800a136   0x0000002e   Code   RO          759    x$fpl$dflt          fz_ws.l(dflt_clz.o)
    0x0800a164   0x0800a164   0x00000026   Code   RO          758    x$fpl$dfltu         fz_ws.l(dflt_clz.o)
    0x0800a18a   0x0800a18a   0x00000002   PAD
    0x0800a18c   0x0800a18c   0x00000154   Code   RO          764    x$fpl$dmul          fz_ws.l(dmul.o)
    0x0800a2e0   0x0800a2e0   0x0000009c   Code   RO          872    x$fpl$dnaninf       fz_ws.l(dnaninf.o)
    0x0800a37c   0x0800a37c   0x0000000c   Code   RO          874    x$fpl$dretinf       fz_ws.l(dretinf.o)
    0x0800a388   0x0800a388   0x00000016   Code   RO          741    x$fpl$drsb          fz_ws.l(daddsub_clz.o)
    0x0800a39e   0x0800a39e   0x00000002   PAD
    0x0800a3a0   0x0800a3a0   0x000001cc   Code   RO          970    x$fpl$dsqrt         fz_ws.l(dsqrt_noumaal.o)
    0x0800a56c   0x0800a56c   0x000001d4   Code   RO          742    x$fpl$dsub          fz_ws.l(daddsub_clz.o)
    0x0800a740   0x0800a740   0x00000056   Code   RO          766    x$fpl$f2d           fz_ws.l(f2d.o)
    0x0800a796   0x0800a796   0x00000002   PAD
    0x0800a798   0x0800a798   0x000000c4   Code   RO          768    x$fpl$fadd          fz_ws.l(faddsub_clz.o)
    0x0800a85c   0x0800a85c   0x00000018   Code   RO          876    x$fpl$fcmpinf       fz_ws.l(fcmpi.o)
    0x0800a874   0x0800a874   0x00000184   Code   RO          775    x$fpl$fdiv          fz_ws.l(fdiv.o)
    0x0800a9f8   0x0800a9f8   0x00000068   Code   RO          778    x$fpl$feqf          fz_ws.l(feqf.o)
    0x0800aa60   0x0800aa60   0x00000036   Code   RO          780    x$fpl$ffix          fz_ws.l(ffix.o)
    0x0800aa96   0x0800aa96   0x00000002   PAD
    0x0800aa98   0x0800aa98   0x0000003e   Code   RO          784    x$fpl$ffixu         fz_ws.l(ffixu.o)
    0x0800aad6   0x0800aad6   0x00000002   PAD
    0x0800aad8   0x0800aad8   0x00000030   Code   RO          789    x$fpl$fflt          fz_ws.l(fflt_clz.o)
    0x0800ab08   0x0800ab08   0x00000026   Code   RO          788    x$fpl$ffltu         fz_ws.l(fflt_clz.o)
    0x0800ab2e   0x0800ab2e   0x00000002   PAD
    0x0800ab30   0x0800ab30   0x00000068   Code   RO          794    x$fpl$fleqf         fz_ws.l(fleqf.o)
    0x0800ab98   0x0800ab98   0x00000102   Code   RO          796    x$fpl$fmul          fz_ws.l(fmul.o)
    0x0800ac9a   0x0800ac9a   0x0000008c   Code   RO          878    x$fpl$fnaninf       fz_ws.l(fnaninf.o)
    0x0800ad26   0x0800ad26   0x0000000a   Code   RO          880    x$fpl$fretinf       fz_ws.l(fretinf.o)
    0x0800ad30   0x0800ad30   0x00000062   Code   RO          798    x$fpl$frleqf        fz_ws.l(frleqf.o)
    0x0800ad92   0x0800ad92   0x00000002   PAD
    0x0800ad94   0x0800ad94   0x000000ea   Code   RO          770    x$fpl$fsub          fz_ws.l(faddsub_clz.o)
    0x0800ae7e   0x0800ae7e   0x00000004   Code   RO          882    x$fpl$printf1       fz_ws.l(printf1.o)
    0x0800ae82   0x0800ae82   0x00000064   Code   RO         1028    x$fpl$retnan        fz_ws.l(retnan.o)
    0x0800aee6   0x0800aee6   0x0000005c   Code   RO          884    x$fpl$scalbn        fz_ws.l(scalbn.o)
    0x0800af42   0x0800af42   0x00000030   Code   RO         1086    x$fpl$trapveneer    fz_ws.l(trapv.o)
    0x0800af72   0x0800af72   0x00000000   Code   RO          886    x$fpl$usenofp       fz_ws.l(usenofp.o)
    0x0800af72   0x0800af72   0x00000002   PAD
    0x0800af74   0x0800af74   0x00000050   Data   RO          334    .constdata          inv_mpu.o
    0x0800afc4   0x0800afc4   0x00000bf6   Data   RO          365    .constdata          inv_mpu_dmp_motion_driver.o
    0x0800bbba   0x0800bbba   0x000017c0   Data   RO          390    .constdata          oled.o
    0x0800d37a   0x0800d37a   0x000000f6   Data   RO          460    .constdata          algorithm.o
    0x0800d470   0x0800d470   0x00000028   Data   RO          702    .constdata          c_w.l(_printf_hex_int_ll_ptr.o)
    0x0800d498   0x0800d498   0x00000011   Data   RO          722    .constdata          c_w.l(__printf_flags_ss_wp.o)
    0x0800d4a9   0x0800d4a9   0x00000007   PAD
    0x0800d4b0   0x0800d4b0   0x00000050   Data   RO          802    .constdata          m_ws.l(asin.o)
    0x0800d500   0x0800d500   0x00000008   Data   RO          840    .constdata          c_w.l(_printf_wctomb.o)
    0x0800d508   0x0800d508   0x00000098   Data   RO          889    .constdata          m_ws.l(atan.o)
    0x0800d5a0   0x0800d5a0   0x00000008   Data   RO          915    .constdata          m_ws.l(qnan.o)
    0x0800d5a8   0x0800d5a8   0x00000094   Data   RO          989    .constdata          c_w.l(bigflt0.o)
    0x0800d63c   0x0800d63c   0x0000004d   Data   RO          335    .conststring        inv_mpu.o
    0x0800d689   0x0800d689   0x00000003   PAD
    0x0800d68c   0x0800d68c   0x00000020   Data   RO         1161    Region$$Table       anon$$obj.o
    0x0800d6ac   0x0800d6ac   0x0000001c   Data   RO         1013    locale$$data        c_w.l(lc_numeric_c.o)
    0x0800d6c8   0x0800d6c8   0x00000110   Data   RO         1032    locale$$data        c_w.l(lc_ctype_c.o)


    Execution Region RW_IRAM1 (Exec base: 0x20000000, Load base: 0x0800d7d8, Size: 0x00003798, Max: 0x00010000, ABSOLUTE)

    Exec Addr    Load Addr    Size         Type   Attr      Idx    E Section Name        Object

    0x20000000   0x0800d7d8   0x00000015   Data   RW            2    .data               main.o
    0x20000015   0x0800d7ed   0x00000003   PAD
    0x20000018   0x0800d7f0   0x00000014   Data   RW          227    .data               system_stm32f10x.o
    0x2000002c   0x0800d804   0x00000035   Data   RW          336    .data               inv_mpu.o
    0x20000061   0x0800d839   0x00000001   PAD
    0x20000062   0x0800d83a   0x00000002   Data   RW          434    .data               usart3.o
    0x20000064   0x0800d83c   0x0000002c   Data   RW          503    .data               new_max30102.o
    0x20000090   0x0800d868   0x00000004   Data   RW          521    .data               delay.o
    0x20000094   0x0800d86c   0x00000006   Data   RW          553    .data               usart.o
    0x2000009a   0x0800d872   0x00000014   Data   RW          616    .data               stm32f10x_rcc.o
    0x200000ae   0x0800d886   0x00000002   PAD
    0x200000b0        -       0x00000010   Zero   RW          364    .bss                inv_mpu_dmp_motion_driver.o
    0x200000c0        -       0x00000400   Zero   RW          389    .bss                oled.o
    0x200004c0        -       0x000004b0   Zero   RW          433    .bss                usart3.o
    0x20000970        -       0x00001760   Zero   RW          459    .bss                algorithm.o
    0x200020d0        -       0x00000fa0   Zero   RW          502    .bss                new_max30102.o
    0x20003070        -       0x000000c8   Zero   RW          552    .bss                usart.o
    0x20003138        -       0x00000060   Zero   RW          973    .bss                c_w.l(libspace.o)
    0x20003198        -       0x00000200   Zero   RW          585    HEAP                startup_stm32f10x_hd.o
    0x20003398        -       0x00000400   Zero   RW          584    STACK               startup_stm32f10x_hd.o


==============================================================================

Image component sizes


      Code (inc. data)   RO Data    RW Data    ZI Data      Debug   Object Name

      1700         32        246          0       5984       5635   algorithm.o
       868         52          0          0          0        905   date.o
       212         18          0          4          0        983   delay.o
        76          0          0          0          0        501   exti.o
       536         54          0          0          0       1791   hc05.o
      8844        196        157         53          0      23921   inv_mpu.o
      3440        126       3062          0         16      15343   inv_mpu_dmp_motion_driver.o
        44          6          0          0          0        443   key.o
        76          4          0          0          0        616   led.o
       156         10          0          0          0        826   lm75.o
      1712        490          0         21          0     256946   main.o
       628          4          0          0          0       2908   max30102.o
       220         22          0          0          0       1737   misc.o
       940         28          0          0          0       4395   mpu6050.o
       588         14          0          0          0       2030   mpuiic.o
       624         16          0          0          0       1860   myiic.o
       980        206          0         44       4000       2233   new_max30102.o
      1274         44       6080          0       1024       5094   oled.o
        64         26        304          0       1536        768   startup_stm32f10x_hd.o
       284         10          0          0          0       2195   stm32f10x_exti.o
       860         38          0          0          0       5673   stm32f10x_gpio.o
        26          0          0          0          0       1150   stm32f10x_it.o
       932         36          0         20          0       8824   stm32f10x_rcc.o
      3610         88          0          0          0      22780   stm32f10x_tim.o
      1032         22          0          0          0       8396   stm32f10x_usart.o
         0          0          0          0          0         32   sys.o
       480         38          0         20          0       1647   system_stm32f10x.o
       232         12          0          0          0       1074   timer.o
       320         16          0          6        200       3078   usart.o
       380         24          0          2       1200       2466   usart3.o

    ----------------------------------------------------------------------
     31144       1632       9884        176      13960     386250   Object Totals
         0          0         32          0          0          0   (incl. Generated)
         6          0          3          6          0          0   (incl. Padding)

    ----------------------------------------------------------------------

      Code (inc. data)   RO Data    RW Data    ZI Data      Debug   Library Member Name

        24          4          0          0          0         84   __2printf.o
         8          0          0          0          0         68   __main.o
       392          4         17          0          0         92   __printf_flags_ss_wp.o
        14          0          0          0          0         68   __printf_wp.o
         0          0          0          0          0          0   __rtentry.o
        12          0          0          0          0          0   __rtentry2.o
         6          0          0          0          0          0   __rtentry4.o
        52          8          0          0          0          0   __scatter.o
        26          0          0          0          0          0   __scatter_copy.o
        28          0          0          0          0          0   __scatter_zi.o
         6          0          0          0          0          0   _printf_a.o
         6          0          0          0          0          0   _printf_c.o
        44          0          0          0          0        108   _printf_char.o
        48          6          0          0          0         96   _printf_char_common.o
        36          4          0          0          0         80   _printf_char_file.o
        40          0          0          0          0         68   _printf_charcount.o
         6          0          0          0          0          0   _printf_d.o
       120         16          0          0          0         92   _printf_dec.o
         6          0          0          0          0          0   _printf_e.o
         6          0          0          0          0          0   _printf_f.o
      1050          0          0          0          0        216   _printf_fp_dec.o
       128         16          0          0          0         84   _printf_fp_infnan.o
         6          0          0          0          0          0   _printf_g.o
       148          4         40          0          0        160   _printf_hex_int_ll_ptr.o
         6          0          0          0          0          0   _printf_i.o
       178          0          0          0          0         88   _printf_intcommon.o
        10          0          0          0          0          0   _printf_l.o
         6          0          0          0          0          0   _printf_lc.o
        10          0          0          0          0          0   _printf_ll.o
         6          0          0          0          0          0   _printf_lld.o
         6          0          0          0          0          0   _printf_lli.o
         6          0          0          0          0          0   _printf_llo.o
         6          0          0          0          0          0   _printf_llu.o
         6          0          0          0          0          0   _printf_llx.o
       124         16          0          0          0         92   _printf_longlong_dec.o
         6          0          0          0          0          0   _printf_ls.o
         6          0          0          0          0          0   _printf_n.o
         6          0          0          0          0          0   _printf_o.o
       112          8          0          0          0        124   _printf_oct_int_ll.o
         6          0          0          0          0          0   _printf_p.o
        78          0          0          0          0        108   _printf_pad.o
         0          0          0          0          0          0   _printf_percent.o
         4          0          0          0          0          0   _printf_percent_end.o
         6          0          0          0          0          0   _printf_s.o
        82          0          0          0          0         80   _printf_str.o
        36          0          0          0          0         84   _printf_truncate.o
         6          0          0          0          0          0   _printf_u.o
        44          0          0          0          0        108   _printf_wchar.o
       188          6          8          0          0         92   _printf_wctomb.o
         6          0          0          0          0          0   _printf_x.o
        22          0          0          0          0        100   _rserrno.o
        10          0          0          0          0         68   _sputc.o
        64          0          0          0          0         92   _wcrtomb.o
        16          0          0          0          0         68   aeabi_memset.o
       220          4        148          0          0         96   bigflt0.o
      1910        128          0          0          0        672   btod.o
        36          4          0          0          0         76   c89vsprintf.o
        18          0          0          0          0         80   exit.o
         8          0          0          0          0         68   ferror.o
         6          0          0          0          0        152   heapauxi.o
        44         10        272          0          0         76   lc_ctype_c.o
        44         10         28          0          0         76   lc_numeric_c.o
         2          0          0          0          0          0   libinit.o
        30          0          0          0          0          0   libinit2.o
         2          0          0          0          0          0   libshutdown.o
         2          0          0          0          0          0   libshutdown2.o
         8          4          0          0         96         68   libspace.o
        72          0          0          0          0         76   llsdiv.o
       138          0          0          0          0         80   lludiv10.o
       238          0          0          0          0        100   lludivv7m.o
        88          0          0          0          0         76   memcmp.o
        16          4          0          0          0         76   rt_ctype_table.o
         8          4          0          0          0         68   rt_errno_addr_intlibspace.o
         8          4          0          0          0         68   rt_locale_intlibspace.o
        68          0          0          0          0         68   rt_memclr.o
        78          0          0          0          0         80   rt_memclr_w.o
         2          0          0          0          0          0   rtexit.o
        10          0          0          0          0          0   rtexit2.o
       128          0          0          0          0         68   strcmpv7m.o
        62          0          0          0          0         76   strlen.o
        74          0          0          0          0         80   sys_stackheap_outer.o
         2          0          0          0          0         68   use_no_semi.o
         2          0          0          0          0         68   use_no_semi_2.o
        98          4          0          0          0         92   d2f.o
       826         16          0          0          0        348   daddsub_clz.o
        16          4          0          0          0         68   dcheck1.o
       688        140          0          0          0        208   ddiv.o
        94          4          0          0          0         92   dfix.o
        90          4          0          0          0         92   dfixu.o
        84          0          0          0          0        136   dflt_clz.o
       340         12          0          0          0        104   dmul.o
       156          4          0          0          0         92   dnaninf.o
        12          0          0          0          0         68   dretinf.o
       460         56          0          0          0        120   dsqrt_noumaal.o
        86          4          0          0          0         84   f2d.o
       430          8          0          0          0        168   faddsub_clz.o
        24          0          0          0          0         68   fcmpi.o
       388         76          0          0          0         96   fdiv.o
       104          4          0          0          0         84   feqf.o
        54          4          0          0          0         84   ffix.o
        62          4          0          0          0         84   ffixu.o
        86          0          0          0          0        136   fflt_clz.o
       104          4          0          0          0         84   fleqf.o
       258          4          0          0          0         84   fmul.o
       140          4          0          0          0         84   fnaninf.o
        10          0          0          0          0         68   fretinf.o
        98          0          0          0          0         68   frleqf.o
         4          0          0          0          0         68   printf1.o
       100          0          0          0          0         68   retnan.o
        92          0          0          0          0         68   scalbn.o
        48          0          0          0          0         68   trapv.o
         0          0          0          0          0          0   usenofp.o
       624         52         80          0          0        168   asin.o
       544         70        152          0          0        124   atan.o
       384         38          0          0          0        144   atan2.o
        38          6          0          0          0        272   dunder.o
        40          0          0          0          0         68   fpclassify.o
       170          0          0          0          0         96   poly.o
         0          0          8          0          0          0   qnan.o
        76          0          0          0          0         84   sqrt.o

    ----------------------------------------------------------------------
     13468        786        760          0         96       8576   Library Totals
        42          0          7          0          0          0   (incl. Padding)

    ----------------------------------------------------------------------

      Code (inc. data)   RO Data    RW Data    ZI Data      Debug   Library Name

      6598        264        513          0         96       4736   c_w.l
      4952        356          0          0          0       2884   fz_ws.l
      1876        166        240          0          0        956   m_ws.l

    ----------------------------------------------------------------------
     13468        786        760          0         96       8576   Library Totals

    ----------------------------------------------------------------------

==============================================================================


      Code (inc. data)   RO Data    RW Data    ZI Data      Debug   

     44612       2418      10644        176      14056     387854   Grand Totals
     44612       2418      10644        176      14056     387854   ELF Image Totals
     44612       2418      10644        176          0          0   ROM Totals

==============================================================================

    Total RO  Size (Code + RO Data)                55256 (  53.96kB)
    Total RW  Size (RW Data + ZI Data)             14232 (  13.90kB)
    Total ROM Size (Code + RO Data + RW Data)      55432 (  54.13kB)

==============================================================================

